14:28:58 **** Build of project freertos10_xilinx_bsp_0 ****
make -k all 
make: *** No rule to make target 'all'.
14:45:21 **** Clean-only build of project freertos10_xilinx_bsp_0 ****
make -k clean 
make -C microblaze_0/libsrc/bram_v4_2/src -s clean 
make -C microblaze_0/libsrc/cpu_v2_8/src -s clean 
make -C microblaze_0/libsrc/freertos10_xilinx_v1_2/src -s clean 
make -C microblaze_0/libsrc/gpio_v4_3/src -s clean 
make -C microblaze_0/libsrc/HB3_v1_0/src -s clean 
rm: cannot lstat `*.o': Invalid argument
make[1]: *** [Makefile:26: clean] Error 1
make: *** [Makefile:33: microblaze_0/libsrc/HB3_v1_0/src/make.clean] Error 2
make -C microblaze_0/libsrc/intc_v3_8/src -s clean 
make -C microblaze_0/libsrc/nexys4IO_v1_0/src -s clean 
rm: cannot lstat `*.o': Invalid argument
make[1]: *** [Makefile:26: clean] Error 1
make: *** [Makefile:33: microblaze_0/libsrc/nexys4IO_v1_0/src/make.clean] Error 2
make -C microblaze_0/libsrc/PmodENC_v1_0/src -s clean 
rm: cannot lstat `*.o': Invalid argument
make[1]: *** [Makefile:26: clean] Error 1
make: *** [Makefile:33: microblaze_0/libsrc/PmodENC_v1_0/src/make.clean] Error 2
make -C microblaze_0/libsrc/PmodOLEDrgb_v1_0/src -s clean 
rm: cannot lstat `*.o': Invalid argument
make[1]: *** [Makefile:26: clean] Error 1
make: *** [Makefile:33: microblaze_0/libsrc/PmodOLEDrgb_v1_0/src/make.clean] Error 2
make -C microblaze_0/libsrc/tmrctr_v4_5/src -s clean 
make -C microblaze_0/libsrc/uartlite_v3_2/src -s clean 
make: Target 'clean' not remade because of errors.
14:45:22 **** Build of project freertos10_xilinx_bsp_0 ****
make -k all 
"Running Make include in microblaze_0/libsrc/bram_v4_2/src"
make -C microblaze_0/libsrc/bram_v4_2/src -s include  "SHELL=CMD" "COMPILER=mb-gcc" "ARCHIVER=mb-ar" "COMPILER_FLAGS=  -O2 -c -mcpu=v11.0 -mlittle-endian -mxl-soft-mul" "EXTRA_COMPILER_FLAGS=-ffunction-sections -fdata-sections -Wall -Wextra"
"Running Make include in microblaze_0/libsrc/cpu_v2_8/src"
make -C microblaze_0/libsrc/cpu_v2_8/src -s include  "SHELL=CMD" "COMPILER=mb-gcc" "ARCHIVER=mb-ar" "COMPILER_FLAGS=  -O2 -c -mcpu=v11.0 -mlittle-endian -mxl-soft-mul" "EXTRA_COMPILER_FLAGS=-ffunction-sections -fdata-sections -Wall -Wextra"
"Running Make include in microblaze_0/libsrc/freertos10_xilinx_v1_2/src"
make -C microblaze_0/libsrc/freertos10_xilinx_v1_2/src -s include  "SHELL=CMD" "COMPILER=mb-gcc" "ARCHIVER=mb-ar" "COMPILER_FLAGS=  -O2 -c -mcpu=v11.0 -mlittle-endian -mxl-soft-mul" "EXTRA_COMPILER_FLAGS=-ffunction-sections -fdata-sections -Wall -Wextra"
"include"
"Running Make include in microblaze_0/libsrc/gpio_v4_3/src"
make -C microblaze_0/libsrc/gpio_v4_3/src -s include  "SHELL=CMD" "COMPILER=mb-gcc" "ARCHIVER=mb-ar" "COMPILER_FLAGS=  -O2 -c -mcpu=v11.0 -mlittle-endian -mxl-soft-mul" "EXTRA_COMPILER_FLAGS=-ffunction-sections -fdata-sections -Wall -Wextra"
"Running Make include in microblaze_0/libsrc/HB3_v1_0/src"
make -C microblaze_0/libsrc/HB3_v1_0/src -s include  "SHELL=CMD" "COMPILER=mb-gcc" "ARCHIVER=mb-ar" "COMPILER_FLAGS=  -O2 -c -mcpu=v11.0 -mlittle-endian -mxl-soft-mul" "EXTRA_COMPILER_FLAGS=-ffunction-sections -fdata-sections -Wall -Wextra"
"Running Make include in microblaze_0/libsrc/intc_v3_8/src"
make -C microblaze_0/libsrc/intc_v3_8/src -s include  "SHELL=CMD" "COMPILER=mb-gcc" "ARCHIVER=mb-ar" "COMPILER_FLAGS=  -O2 -c -mcpu=v11.0 -mlittle-endian -mxl-soft-mul" "EXTRA_COMPILER_FLAGS=-ffunction-sections -fdata-sections -Wall -Wextra"
"Running Make include in microblaze_0/libsrc/nexys4IO_v1_0/src"
make -C microblaze_0/libsrc/nexys4IO_v1_0/src -s include  "SHELL=CMD" "COMPILER=mb-gcc" "ARCHIVER=mb-ar" "COMPILER_FLAGS=  -O2 -c -mcpu=v11.0 -mlittle-endian -mxl-soft-mul" "EXTRA_COMPILER_FLAGS=-ffunction-sections -fdata-sections -Wall -Wextra"
"Running Make include in microblaze_0/libsrc/PmodENC_v1_0/src"
make -C microblaze_0/libsrc/PmodENC_v1_0/src -s include  "SHELL=CMD" "COMPILER=mb-gcc" "ARCHIVER=mb-ar" "COMPILER_FLAGS=  -O2 -c -mcpu=v11.0 -mlittle-endian -mxl-soft-mul" "EXTRA_COMPILER_FLAGS=-ffunction-sections -fdata-sections -Wall -Wextra"
"Running Make include in microblaze_0/libsrc/PmodOLEDrgb_v1_0/src"
make -C microblaze_0/libsrc/PmodOLEDrgb_v1_0/src -s include  "SHELL=CMD" "COMPILER=mb-gcc" "ARCHIVER=mb-ar" "COMPILER_FLAGS=  -O2 -c -mcpu=v11.0 -mlittle-endian -mxl-soft-mul" "EXTRA_COMPILER_FLAGS=-ffunction-sections -fdata-sections -Wall -Wextra"
"Running Make include in microblaze_0/libsrc/tmrctr_v4_5/src"
make -C microblaze_0/libsrc/tmrctr_v4_5/src -s include  "SHELL=CMD" "COMPILER=mb-gcc" "ARCHIVER=mb-ar" "COMPILER_FLAGS=  -O2 -c -mcpu=v11.0 -mlittle-endian -mxl-soft-mul" "EXTRA_COMPILER_FLAGS=-ffunction-sections -fdata-sections -Wall -Wextra"
"Running Make include in microblaze_0/libsrc/uartlite_v3_2/src"
make -C microblaze_0/libsrc/uartlite_v3_2/src -s include  "SHELL=CMD" "COMPILER=mb-gcc" "ARCHIVER=mb-ar" "COMPILER_FLAGS=  -O2 -c -mcpu=v11.0 -mlittle-endian -mxl-soft-mul" "EXTRA_COMPILER_FLAGS=-ffunction-sections -fdata-sections -Wall -Wextra"
"Running Make libs in microblaze_0/libsrc/bram_v4_2/src"
make -C microblaze_0/libsrc/bram_v4_2/src -s libs  "SHELL=CMD" "COMPILER=mb-gcc" "ARCHIVER=mb-ar" "COMPILER_FLAGS=  -O2 -c -mcpu=v11.0 -mlittle-endian -mxl-soft-mul" "EXTRA_COMPILER_FLAGS=-ffunction-sections -fdata-sections -Wall -Wextra"
"Compiling bram"
mb-ar: creating ../../../lib/libxil.a
"Running Make libs in microblaze_0/libsrc/cpu_v2_8/src"
make -C microblaze_0/libsrc/cpu_v2_8/src -s libs  "SHELL=CMD" "COMPILER=mb-gcc" "ARCHIVER=mb-ar" "COMPILER_FLAGS=  -O2 -c -mcpu=v11.0 -mlittle-endian -mxl-soft-mul" "EXTRA_COMPILER_FLAGS=-ffunction-sections -fdata-sections -Wall -Wextra"
"Compiling cpu"
"Running Make libs in microblaze_0/libsrc/freertos10_xilinx_v1_2/src"
make -C microblaze_0/libsrc/freertos10_xilinx_v1_2/src -s libs  "SHELL=CMD" "COMPILER=mb-gcc" "ARCHIVER=mb-ar" "COMPILER_FLAGS=  -O2 -c -mcpu=v11.0 -mlittle-endian -mxl-soft-mul" "EXTRA_COMPILER_FLAGS=-ffunction-sections -fdata-sections -Wall -Wextra"
"Compiling standalone";
microblaze_sleep.c:77:9: note: #pragma message: For the sleep routines, assembly instructions are used
 #pragma message ("For the sleep routines, assembly instructions are used")
         ^~~~~~~
"Compiling FreeRTOS"
mb-ar: creating ../../../lib/libfreertos.a
"Running Make libs in microblaze_0/libsrc/gpio_v4_3/src"
make -C microblaze_0/libsrc/gpio_v4_3/src -s libs  "SHELL=CMD" "COMPILER=mb-gcc" "ARCHIVER=mb-ar" "COMPILER_FLAGS=  -O2 -c -mcpu=v11.0 -mlittle-endian -mxl-soft-mul" "EXTRA_COMPILER_FLAGS=-ffunction-sections -fdata-sections -Wall -Wextra"
"Compiling gpio"
"Running Make libs in microblaze_0/libsrc/HB3_v1_0/src"
make -C microblaze_0/libsrc/HB3_v1_0/src -s libs  "SHELL=CMD" "COMPILER=mb-gcc" "ARCHIVER=mb-ar" "COMPILER_FLAGS=  -O2 -c -mcpu=v11.0 -mlittle-endian -mxl-soft-mul" "EXTRA_COMPILER_FLAGS=-ffunction-sections -fdata-sections -Wall -Wextra"
"Compiling HB3..."
HB3_selftest.c: In function 'HB3_Reg_SelfTest':
HB3_selftest.c:52:52: warning: comparison between signed and unsigned integer expressions [-Wsign-compare]
    if ( HB3_mReadReg (baseaddr, read_loop_index*4) != (read_loop_index+1)*READ_WRITE_MUL_FACTOR){
                                                    ^~
HB3_selftest.c:36:6: warning: unused variable 'Index' [-Wunused-variable]
  int Index;
      ^~~~~
"Running Make libs in microblaze_0/libsrc/intc_v3_8/src"
make -C microblaze_0/libsrc/intc_v3_8/src -s libs  "SHELL=CMD" "COMPILER=mb-gcc" "ARCHIVER=mb-ar" "COMPILER_FLAGS=  -O2 -c -mcpu=v11.0 -mlittle-endian -mxl-soft-mul" "EXTRA_COMPILER_FLAGS=-ffunction-sections -fdata-sections -Wall -Wextra"
"Compiling intc"
"Running Make libs in microblaze_0/libsrc/nexys4IO_v1_0/src"
make -C microblaze_0/libsrc/nexys4IO_v1_0/src -s libs  "SHELL=CMD" "COMPILER=mb-gcc" "ARCHIVER=mb-ar" "COMPILER_FLAGS=  -O2 -c -mcpu=v11.0 -mlittle-endian -mxl-soft-mul" "EXTRA_COMPILER_FLAGS=-ffunction-sections -fdata-sections -Wall -Wextra"
"Compiling nexys4IO..."
"Running Make libs in microblaze_0/libsrc/PmodENC_v1_0/src"
make -C microblaze_0/libsrc/PmodENC_v1_0/src -s libs  "SHELL=CMD" "COMPILER=mb-gcc" "ARCHIVER=mb-ar" "COMPILER_FLAGS=  -O2 -c -mcpu=v11.0 -mlittle-endian -mxl-soft-mul" "EXTRA_COMPILER_FLAGS=-ffunction-sections -fdata-sections -Wall -Wextra"
"Compiling PmodENC..."
"Running Make libs in microblaze_0/libsrc/PmodOLEDrgb_v1_0/src"
make -C microblaze_0/libsrc/PmodOLEDrgb_v1_0/src -s libs  "SHELL=CMD" "COMPILER=mb-gcc" "ARCHIVER=mb-ar" "COMPILER_FLAGS=  -O2 -c -mcpu=v11.0 -mlittle-endian -mxl-soft-mul" "EXTRA_COMPILER_FLAGS=-ffunction-sections -fdata-sections -Wall -Wextra"
"Compiling PmodOLEDrgb..."
PmodOLEDrgb_selftest.c: In function 'PMODOLEDRGB_Reg_SelfTest':
PmodOLEDrgb_selftest.c:51:60: warning: comparison between signed and unsigned integer expressions [-Wsign-compare]
    if ( PMODOLEDRGB_mReadReg (baseaddr, read_loop_index*4) != (read_loop_index+1)*READ_WRITE_MUL_FACTOR){
                                                            ^~
"Running Make libs in microblaze_0/libsrc/tmrctr_v4_5/src"
make -C microblaze_0/libsrc/tmrctr_v4_5/src -s libs  "SHELL=CMD" "COMPILER=mb-gcc" "ARCHIVER=mb-ar" "COMPILER_FLAGS=  -O2 -c -mcpu=v11.0 -mlittle-endian -mxl-soft-mul" "EXTRA_COMPILER_FLAGS=-ffunction-sections -fdata-sections -Wall -Wextra"
"Compiling tmrctr"
"Running Make libs in microblaze_0/libsrc/uartlite_v3_2/src"
make -C microblaze_0/libsrc/uartlite_v3_2/src -s libs  "SHELL=CMD" "COMPILER=mb-gcc" "ARCHIVER=mb-ar" "COMPILER_FLAGS=  -O2 -c -mcpu=v11.0 -mlittle-endian -mxl-soft-mul" "EXTRA_COMPILER_FLAGS=-ffunction-sections -fdata-sections -Wall -Wextra"
"Compiling uartlite"
'Finished building libraries'

**** Build of configuration Debug for project p2 ****

Nothing to build for project p2
14:46:48 **** Auto Build of configuration Debug for project p2 ****
make all 
'Building file: ../FreeRTOS_Example.c'
'Invoking: MicroBlaze gcc compiler'
mb-gcc -Wall -O0 -g3 -c -fmessage-length=0 -MT"FreeRTOS_Example.o" -I../../freertos10_xilinx_bsp_0/microblaze_0/include -mlittle-endian -mcpu=v11.0 -mxl-soft-mul -Wl,--no-relax -ffunction-sections -fdata-sections -MMD -MP -MF"FreeRTOS_Example.d" -MT"FreeRTOS_Example.o" -o "FreeRTOS_Example.o" "../FreeRTOS_Example.c"
../FreeRTOS_Example.c: In function 'sem_taken_que_tx':
../FreeRTOS_Example.c:169:25: warning: unused variable 'last_rpm' [-Wunused-variable]
  volatile u32 read_rpm, last_rpm;
                         ^~~~~~~~
../FreeRTOS_Example.c:143:17: warning: unused variable 'lastticks' [-Wunused-variable]
  int ticks = 0, lastticks = 1;
                 ^~~~~~~~~
../FreeRTOS_Example.c:143:6: warning: unused variable 'ticks' [-Wunused-variable]
  int ticks = 0, lastticks = 1;
      ^~~~~
../FreeRTOS_Example.c: In function 'AXI_Timer_initialize':
../FreeRTOS_Example.c:38:30: error: 'XPAR_AXI_TIMER_1_DEVICE_ID' undeclared (first use in this function); did you mean 'XPAR_AXI_TIMER_0_DEVICE_ID'?
 #define AXI_TIMER_DEVICE_ID  XPAR_AXI_TIMER_1_DEVICE_ID
                              ^
../FreeRTOS_Example.c:550:44: note: in expansion of macro 'AXI_TIMER_DEVICE_ID'
  status = XTmrCtr_Initialize(&AXITimerInst,AXI_TIMER_DEVICE_ID);
                                            ^~~~~~~~~~~~~~~~~~~
../FreeRTOS_Example.c:38:30: note: each undeclared identifier is reported only once for each function it appears in
 #define AXI_TIMER_DEVICE_ID  XPAR_AXI_TIMER_1_DEVICE_ID
                              ^
../FreeRTOS_Example.c:550:44: note: in expansion of macro 'AXI_TIMER_DEVICE_ID'
  status = XTmrCtr_Initialize(&AXITimerInst,AXI_TIMER_DEVICE_ID);
                                            ^~~~~~~~~~~~~~~~~~~
In file included from ../../freertos10_xilinx_bsp_0/microblaze_0/include/xtmrctr.h:177:0,
                 from ../FreeRTOS_Example.c:21:
../FreeRTOS_Example.c:39:29: error: 'XPAR_AXI_TIMER_1_BASEADDR' undeclared (first use in this function); did you mean 'XPAR_AXI_TIMER_0_BASEADDR'?
 #define AXI_TIMER_BASEADDR  XPAR_AXI_TIMER_1_BASEADDR
                             ^
../../freertos10_xilinx_bsp_0/microblaze_0/include/xtmrctr_l.h:219:14: note: in definition of macro 'XTmrCtr_WriteReg'
  Xil_Out32(((BaseAddress) + XTmrCtr_Offsets[(TmrCtrNumber)] + \
              ^~~~~~~~~~~
../FreeRTOS_Example.c:559:2: note: in expansion of macro 'XTmrCtr_SetControlStatusReg'
  XTmrCtr_SetControlStatusReg(AXI_TIMER_BASEADDR, TmrCtrNumber,ctlsts);
  ^~~~~~~~~~~~~~~~~~~~~~~~~~~
../FreeRTOS_Example.c:559:30: note: in expansion of macro 'AXI_TIMER_BASEADDR'
  XTmrCtr_SetControlStatusReg(AXI_TIMER_BASEADDR, TmrCtrNumber,ctlsts);
                              ^~~~~~~~~~~~~~~~~~
make: *** [subdir.mk:20: FreeRTOS_Example.o] Error 1
14:47:35 **** Auto Build of project freertos10_xilinx_bsp_0 ****
make -k all 
"Running Make include in microblaze_0/libsrc/bram_v4_2/src"
make -C microblaze_0/libsrc/bram_v4_2/src -s include  "SHELL=CMD" "COMPILER=mb-gcc" "ARCHIVER=mb-ar" "COMPILER_FLAGS=  -O2 -c -mcpu=v11.0 -mlittle-endian -mxl-soft-mul" "EXTRA_COMPILER_FLAGS=-ffunction-sections -fdata-sections -Wall -Wextra"
"Running Make include in microblaze_0/libsrc/cpu_v2_8/src"
make -C microblaze_0/libsrc/cpu_v2_8/src -s include  "SHELL=CMD" "COMPILER=mb-gcc" "ARCHIVER=mb-ar" "COMPILER_FLAGS=  -O2 -c -mcpu=v11.0 -mlittle-endian -mxl-soft-mul" "EXTRA_COMPILER_FLAGS=-ffunction-sections -fdata-sections -Wall -Wextra"
"Running Make include in microblaze_0/libsrc/freertos10_xilinx_v1_2/src"
make -C microblaze_0/libsrc/freertos10_xilinx_v1_2/src -s include  "SHELL=CMD" "COMPILER=mb-gcc" "ARCHIVER=mb-ar" "COMPILER_FLAGS=  -O2 -c -mcpu=v11.0 -mlittle-endian -mxl-soft-mul" "EXTRA_COMPILER_FLAGS=-ffunction-sections -fdata-sections -Wall -Wextra"
"include"
"Running Make include in microblaze_0/libsrc/gpio_v4_3/src"
make -C microblaze_0/libsrc/gpio_v4_3/src -s include  "SHELL=CMD" "COMPILER=mb-gcc" "ARCHIVER=mb-ar" "COMPILER_FLAGS=  -O2 -c -mcpu=v11.0 -mlittle-endian -mxl-soft-mul" "EXTRA_COMPILER_FLAGS=-ffunction-sections -fdata-sections -Wall -Wextra"
"Running Make include in microblaze_0/libsrc/HB3_v1_0/src"
make -C microblaze_0/libsrc/HB3_v1_0/src -s include  "SHELL=CMD" "COMPILER=mb-gcc" "ARCHIVER=mb-ar" "COMPILER_FLAGS=  -O2 -c -mcpu=v11.0 -mlittle-endian -mxl-soft-mul" "EXTRA_COMPILER_FLAGS=-ffunction-sections -fdata-sections -Wall -Wextra"
"Running Make include in microblaze_0/libsrc/intc_v3_8/src"
make -C microblaze_0/libsrc/intc_v3_8/src -s include  "SHELL=CMD" "COMPILER=mb-gcc" "ARCHIVER=mb-ar" "COMPILER_FLAGS=  -O2 -c -mcpu=v11.0 -mlittle-endian -mxl-soft-mul" "EXTRA_COMPILER_FLAGS=-ffunction-sections -fdata-sections -Wall -Wextra"
"Running Make include in microblaze_0/libsrc/nexys4IO_v1_0/src"
make -C microblaze_0/libsrc/nexys4IO_v1_0/src -s include  "SHELL=CMD" "COMPILER=mb-gcc" "ARCHIVER=mb-ar" "COMPILER_FLAGS=  -O2 -c -mcpu=v11.0 -mlittle-endian -mxl-soft-mul" "EXTRA_COMPILER_FLAGS=-ffunction-sections -fdata-sections -Wall -Wextra"
"Running Make include in microblaze_0/libsrc/PmodENC_v1_0/src"
make -C microblaze_0/libsrc/PmodENC_v1_0/src -s include  "SHELL=CMD" "COMPILER=mb-gcc" "ARCHIVER=mb-ar" "COMPILER_FLAGS=  -O2 -c -mcpu=v11.0 -mlittle-endian -mxl-soft-mul" "EXTRA_COMPILER_FLAGS=-ffunction-sections -fdata-sections -Wall -Wextra"
"Running Make include in microblaze_0/libsrc/PmodOLEDrgb_v1_0/src"
make -C microblaze_0/libsrc/PmodOLEDrgb_v1_0/src -s include  "SHELL=CMD" "COMPILER=mb-gcc" "ARCHIVER=mb-ar" "COMPILER_FLAGS=  -O2 -c -mcpu=v11.0 -mlittle-endian -mxl-soft-mul" "EXTRA_COMPILER_FLAGS=-ffunction-sections -fdata-sections -Wall -Wextra"
"Running Make include in microblaze_0/libsrc/tmrctr_v4_5/src"
make -C microblaze_0/libsrc/tmrctr_v4_5/src -s include  "SHELL=CMD" "COMPILER=mb-gcc" "ARCHIVER=mb-ar" "COMPILER_FLAGS=  -O2 -c -mcpu=v11.0 -mlittle-endian -mxl-soft-mul" "EXTRA_COMPILER_FLAGS=-ffunction-sections -fdata-sections -Wall -Wextra"
"Running Make include in microblaze_0/libsrc/uartlite_v3_2/src"
make -C microblaze_0/libsrc/uartlite_v3_2/src -s include  "SHELL=CMD" "COMPILER=mb-gcc" "ARCHIVER=mb-ar" "COMPILER_FLAGS=  -O2 -c -mcpu=v11.0 -mlittle-endian -mxl-soft-mul" "EXTRA_COMPILER_FLAGS=-ffunction-sections -fdata-sections -Wall -Wextra"
"Running Make libs in microblaze_0/libsrc/bram_v4_2/src"
make -C microblaze_0/libsrc/bram_v4_2/src -s libs  "SHELL=CMD" "COMPILER=mb-gcc" "ARCHIVER=mb-ar" "COMPILER_FLAGS=  -O2 -c -mcpu=v11.0 -mlittle-endian -mxl-soft-mul" "EXTRA_COMPILER_FLAGS=-ffunction-sections -fdata-sections -Wall -Wextra"
"Compiling bram"
"Running Make libs in microblaze_0/libsrc/cpu_v2_8/src"
make -C microblaze_0/libsrc/cpu_v2_8/src -s libs  "SHELL=CMD" "COMPILER=mb-gcc" "ARCHIVER=mb-ar" "COMPILER_FLAGS=  -O2 -c -mcpu=v11.0 -mlittle-endian -mxl-soft-mul" "EXTRA_COMPILER_FLAGS=-ffunction-sections -fdata-sections -Wall -Wextra"
"Compiling cpu"
"Running Make libs in microblaze_0/libsrc/freertos10_xilinx_v1_2/src"
make -C microblaze_0/libsrc/freertos10_xilinx_v1_2/src -s libs  "SHELL=CMD" "COMPILER=mb-gcc" "ARCHIVER=mb-ar" "COMPILER_FLAGS=  -O2 -c -mcpu=v11.0 -mlittle-endian -mxl-soft-mul" "EXTRA_COMPILER_FLAGS=-ffunction-sections -fdata-sections -Wall -Wextra"
"Compiling standalone";
microblaze_sleep.c:77:9: note: #pragma message: For the sleep routines, assembly instructions are used
 #pragma message ("For the sleep routines, assembly instructions are used")
         ^~~~~~~
"Compiling FreeRTOS"
"Running Make libs in microblaze_0/libsrc/gpio_v4_3/src"
make -C microblaze_0/libsrc/gpio_v4_3/src -s libs  "SHELL=CMD" "COMPILER=mb-gcc" "ARCHIVER=mb-ar" "COMPILER_FLAGS=  -O2 -c -mcpu=v11.0 -mlittle-endian -mxl-soft-mul" "EXTRA_COMPILER_FLAGS=-ffunction-sections -fdata-sections -Wall -Wextra"
"Compiling gpio"
"Running Make libs in microblaze_0/libsrc/HB3_v1_0/src"
make -C microblaze_0/libsrc/HB3_v1_0/src -s libs  "SHELL=CMD" "COMPILER=mb-gcc" "ARCHIVER=mb-ar" "COMPILER_FLAGS=  -O2 -c -mcpu=v11.0 -mlittle-endian -mxl-soft-mul" "EXTRA_COMPILER_FLAGS=-ffunction-sections -fdata-sections -Wall -Wextra"
"Compiling HB3..."
HB3_selftest.c: In function 'HB3_Reg_SelfTest':
HB3_selftest.c:52:52: warning: comparison between signed and unsigned integer expressions [-Wsign-compare]
    if ( HB3_mReadReg (baseaddr, read_loop_index*4) != (read_loop_index+1)*READ_WRITE_MUL_FACTOR){
                                                    ^~
HB3_selftest.c:36:6: warning: unused variable 'Index' [-Wunused-variable]
  int Index;
      ^~~~~
"Running Make libs in microblaze_0/libsrc/intc_v3_8/src"
make -C microblaze_0/libsrc/intc_v3_8/src -s libs  "SHELL=CMD" "COMPILER=mb-gcc" "ARCHIVER=mb-ar" "COMPILER_FLAGS=  -O2 -c -mcpu=v11.0 -mlittle-endian -mxl-soft-mul" "EXTRA_COMPILER_FLAGS=-ffunction-sections -fdata-sections -Wall -Wextra"
"Compiling intc"
"Running Make libs in microblaze_0/libsrc/nexys4IO_v1_0/src"
make -C microblaze_0/libsrc/nexys4IO_v1_0/src -s libs  "SHELL=CMD" "COMPILER=mb-gcc" "ARCHIVER=mb-ar" "COMPILER_FLAGS=  -O2 -c -mcpu=v11.0 -mlittle-endian -mxl-soft-mul" "EXTRA_COMPILER_FLAGS=-ffunction-sections -fdata-sections -Wall -Wextra"
"Compiling nexys4IO..."
"Running Make libs in microblaze_0/libsrc/PmodENC_v1_0/src"
make -C microblaze_0/libsrc/PmodENC_v1_0/src -s libs  "SHELL=CMD" "COMPILER=mb-gcc" "ARCHIVER=mb-ar" "COMPILER_FLAGS=  -O2 -c -mcpu=v11.0 -mlittle-endian -mxl-soft-mul" "EXTRA_COMPILER_FLAGS=-ffunction-sections -fdata-sections -Wall -Wextra"
"Compiling PmodENC..."
"Running Make libs in microblaze_0/libsrc/PmodOLEDrgb_v1_0/src"
make -C microblaze_0/libsrc/PmodOLEDrgb_v1_0/src -s libs  "SHELL=CMD" "COMPILER=mb-gcc" "ARCHIVER=mb-ar" "COMPILER_FLAGS=  -O2 -c -mcpu=v11.0 -mlittle-endian -mxl-soft-mul" "EXTRA_COMPILER_FLAGS=-ffunction-sections -fdata-sections -Wall -Wextra"
"Compiling PmodOLEDrgb..."
PmodOLEDrgb_selftest.c: In function 'PMODOLEDRGB_Reg_SelfTest':
PmodOLEDrgb_selftest.c:51:60: warning: comparison between signed and unsigned integer expressions [-Wsign-compare]
    if ( PMODOLEDRGB_mReadReg (baseaddr, read_loop_index*4) != (read_loop_index+1)*READ_WRITE_MUL_FACTOR){
                                                            ^~
Command canceled
14:48:29 **** Build of project freertos10_xilinx_bsp_0 ****
make -k all 
"Running Make include in microblaze_0/libsrc/bram_v4_2/src"
make -C microblaze_0/libsrc/bram_v4_2/src -s include  "SHELL=CMD" "COMPILER=mb-gcc" "ARCHIVER=mb-ar" "COMPILER_FLAGS=  -O2 -c -mcpu=v11.0 -mlittle-endian -mxl-soft-mul" "EXTRA_COMPILER_FLAGS=-ffunction-sections -fdata-sections -Wall -Wextra"
"Running Make include in microblaze_0/libsrc/cpu_v2_8/src"
make -C microblaze_0/libsrc/cpu_v2_8/src -s include  "SHELL=CMD" "COMPILER=mb-gcc" "ARCHIVER=mb-ar" "COMPILER_FLAGS=  -O2 -c -mcpu=v11.0 -mlittle-endian -mxl-soft-mul" "EXTRA_COMPILER_FLAGS=-ffunction-sections -fdata-sections -Wall -Wextra"
"Running Make include in microblaze_0/libsrc/freertos10_xilinx_v1_2/src"
make -C microblaze_0/libsrc/freertos10_xilinx_v1_2/src -s include  "SHELL=CMD" "COMPILER=mb-gcc" "ARCHIVER=mb-ar" "COMPILER_FLAGS=  -O2 -c -mcpu=v11.0 -mlittle-endian -mxl-soft-mul" "EXTRA_COMPILER_FLAGS=-ffunction-sections -fdata-sections -Wall -Wextra"
"include"
"Running Make include in microblaze_0/libsrc/gpio_v4_3/src"
make -C microblaze_0/libsrc/gpio_v4_3/src -s include  "SHELL=CMD" "COMPILER=mb-gcc" "ARCHIVER=mb-ar" "COMPILER_FLAGS=  -O2 -c -mcpu=v11.0 -mlittle-endian -mxl-soft-mul" "EXTRA_COMPILER_FLAGS=-ffunction-sections -fdata-sections -Wall -Wextra"
"Running Make include in microblaze_0/libsrc/HB3_v1_0/src"
make -C microblaze_0/libsrc/HB3_v1_0/src -s include  "SHELL=CMD" "COMPILER=mb-gcc" "ARCHIVER=mb-ar" "COMPILER_FLAGS=  -O2 -c -mcpu=v11.0 -mlittle-endian -mxl-soft-mul" "EXTRA_COMPILER_FLAGS=-ffunction-sections -fdata-sections -Wall -Wextra"
"Running Make include in microblaze_0/libsrc/intc_v3_8/src"
make -C microblaze_0/libsrc/intc_v3_8/src -s include  "SHELL=CMD" "COMPILER=mb-gcc" "ARCHIVER=mb-ar" "COMPILER_FLAGS=  -O2 -c -mcpu=v11.0 -mlittle-endian -mxl-soft-mul" "EXTRA_COMPILER_FLAGS=-ffunction-sections -fdata-sections -Wall -Wextra"
"Running Make include in microblaze_0/libsrc/nexys4IO_v1_0/src"
make -C microblaze_0/libsrc/nexys4IO_v1_0/src -s include  "SHELL=CMD" "COMPILER=mb-gcc" "ARCHIVER=mb-ar" "COMPILER_FLAGS=  -O2 -c -mcpu=v11.0 -mlittle-endian -mxl-soft-mul" "EXTRA_COMPILER_FLAGS=-ffunction-sections -fdata-sections -Wall -Wextra"
"Running Make include in microblaze_0/libsrc/PmodENC_v1_0/src"
make -C microblaze_0/libsrc/PmodENC_v1_0/src -s include  "SHELL=CMD" "COMPILER=mb-gcc" "ARCHIVER=mb-ar" "COMPILER_FLAGS=  -O2 -c -mcpu=v11.0 -mlittle-endian -mxl-soft-mul" "EXTRA_COMPILER_FLAGS=-ffunction-sections -fdata-sections -Wall -Wextra"
"Running Make include in microblaze_0/libsrc/PmodOLEDrgb_v1_0/src"
make -C microblaze_0/libsrc/PmodOLEDrgb_v1_0/src -s include  "SHELL=CMD" "COMPILER=mb-gcc" "ARCHIVER=mb-ar" "COMPILER_FLAGS=  -O2 -c -mcpu=v11.0 -mlittle-endian -mxl-soft-mul" "EXTRA_COMPILER_FLAGS=-ffunction-sections -fdata-sections -Wall -Wextra"
"Running Make include in microblaze_0/libsrc/tmrctr_v4_5/src"
make -C microblaze_0/libsrc/tmrctr_v4_5/src -s include  "SHELL=CMD" "COMPILER=mb-gcc" "ARCHIVER=mb-ar" "COMPILER_FLAGS=  -O2 -c -mcpu=v11.0 -mlittle-endian -mxl-soft-mul" "EXTRA_COMPILER_FLAGS=-ffunction-sections -fdata-sections -Wall -Wextra"
"Running Make include in microblaze_0/libsrc/uartlite_v3_2/src"
make -C microblaze_0/libsrc/uartlite_v3_2/src -s include  "SHELL=CMD" "COMPILER=mb-gcc" "ARCHIVER=mb-ar" "COMPILER_FLAGS=  -O2 -c -mcpu=v11.0 -mlittle-endian -mxl-soft-mul" "EXTRA_COMPILER_FLAGS=-ffunction-sections -fdata-sections -Wall -Wextra"
"Running Make libs in microblaze_0/libsrc/bram_v4_2/src"
make -C microblaze_0/libsrc/bram_v4_2/src -s libs  "SHELL=CMD" "COMPILER=mb-gcc" "ARCHIVER=mb-ar" "COMPILER_FLAGS=  -O2 -c -mcpu=v11.0 -mlittle-endian -mxl-soft-mul" "EXTRA_COMPILER_FLAGS=-ffunction-sections -fdata-sections -Wall -Wextra"
"Compiling bram"
"Running Make libs in microblaze_0/libsrc/cpu_v2_8/src"
make -C microblaze_0/libsrc/cpu_v2_8/src -s libs  "SHELL=CMD" "COMPILER=mb-gcc" "ARCHIVER=mb-ar" "COMPILER_FLAGS=  -O2 -c -mcpu=v11.0 -mlittle-endian -mxl-soft-mul" "EXTRA_COMPILER_FLAGS=-ffunction-sections -fdata-sections -Wall -Wextra"
"Compiling cpu"
"Running Make libs in microblaze_0/libsrc/freertos10_xilinx_v1_2/src"
make -C microblaze_0/libsrc/freertos10_xilinx_v1_2/src -s libs  "SHELL=CMD" "COMPILER=mb-gcc" "ARCHIVER=mb-ar" "COMPILER_FLAGS=  -O2 -c -mcpu=v11.0 -mlittle-endian -mxl-soft-mul" "EXTRA_COMPILER_FLAGS=-ffunction-sections -fdata-sections -Wall -Wextra"
"Compiling standalone";
microblaze_sleep.c:77:9: note: #pragma message: For the sleep routines, assembly instructions are used
 #pragma message ("For the sleep routines, assembly instructions are used")
         ^~~~~~~
"Compiling FreeRTOS"
"Running Make libs in microblaze_0/libsrc/gpio_v4_3/src"
make -C microblaze_0/libsrc/gpio_v4_3/src -s libs  "SHELL=CMD" "COMPILER=mb-gcc" "ARCHIVER=mb-ar" "COMPILER_FLAGS=  -O2 -c -mcpu=v11.0 -mlittle-endian -mxl-soft-mul" "EXTRA_COMPILER_FLAGS=-ffunction-sections -fdata-sections -Wall -Wextra"
"Compiling gpio"
"Running Make libs in microblaze_0/libsrc/HB3_v1_0/src"
make -C microblaze_0/libsrc/HB3_v1_0/src -s libs  "SHELL=CMD" "COMPILER=mb-gcc" "ARCHIVER=mb-ar" "COMPILER_FLAGS=  -O2 -c -mcpu=v11.0 -mlittle-endian -mxl-soft-mul" "EXTRA_COMPILER_FLAGS=-ffunction-sections -fdata-sections -Wall -Wextra"
"Compiling HB3..."
HB3_selftest.c: In function 'HB3_Reg_SelfTest':
HB3_selftest.c:52:52: warning: comparison between signed and unsigned integer expressions [-Wsign-compare]
    if ( HB3_mReadReg (baseaddr, read_loop_index*4) != (read_loop_index+1)*READ_WRITE_MUL_FACTOR){
                                                    ^~
HB3_selftest.c:36:6: warning: unused variable 'Index' [-Wunused-variable]
  int Index;
      ^~~~~
"Running Make libs in microblaze_0/libsrc/intc_v3_8/src"
make -C microblaze_0/libsrc/intc_v3_8/src -s libs  "SHELL=CMD" "COMPILER=mb-gcc" "ARCHIVER=mb-ar" "COMPILER_FLAGS=  -O2 -c -mcpu=v11.0 -mlittle-endian -mxl-soft-mul" "EXTRA_COMPILER_FLAGS=-ffunction-sections -fdata-sections -Wall -Wextra"
"Compiling intc"
"Running Make libs in microblaze_0/libsrc/nexys4IO_v1_0/src"
make -C microblaze_0/libsrc/nexys4IO_v1_0/src -s libs  "SHELL=CMD" "COMPILER=mb-gcc" "ARCHIVER=mb-ar" "COMPILER_FLAGS=  -O2 -c -mcpu=v11.0 -mlittle-endian -mxl-soft-mul" "EXTRA_COMPILER_FLAGS=-ffunction-sections -fdata-sections -Wall -Wextra"
"Compiling nexys4IO..."
"Running Make libs in microblaze_0/libsrc/PmodENC_v1_0/src"
make -C microblaze_0/libsrc/PmodENC_v1_0/src -s libs  "SHELL=CMD" "COMPILER=mb-gcc" "ARCHIVER=mb-ar" "COMPILER_FLAGS=  -O2 -c -mcpu=v11.0 -mlittle-endian -mxl-soft-mul" "EXTRA_COMPILER_FLAGS=-ffunction-sections -fdata-sections -Wall -Wextra"
"Compiling PmodENC..."
"Running Make libs in microblaze_0/libsrc/PmodOLEDrgb_v1_0/src"
make -C microblaze_0/libsrc/PmodOLEDrgb_v1_0/src -s libs  "SHELL=CMD" "COMPILER=mb-gcc" "ARCHIVER=mb-ar" "COMPILER_FLAGS=  -O2 -c -mcpu=v11.0 -mlittle-endian -mxl-soft-mul" "EXTRA_COMPILER_FLAGS=-ffunction-sections -fdata-sections -Wall -Wextra"
"Compiling PmodOLEDrgb..."
PmodOLEDrgb_selftest.c: In function 'PMODOLEDRGB_Reg_SelfTest':
PmodOLEDrgb_selftest.c:51:60: warning: comparison between signed and unsigned integer expressions [-Wsign-compare]
    if ( PMODOLEDRGB_mReadReg (baseaddr, read_loop_index*4) != (read_loop_index+1)*READ_WRITE_MUL_FACTOR){
                                                            ^~
"Running Make libs in microblaze_0/libsrc/tmrctr_v4_5/src"
make -C microblaze_0/libsrc/tmrctr_v4_5/src -s libs  "SHELL=CMD" "COMPILER=mb-gcc" "ARCHIVER=mb-ar" "COMPILER_FLAGS=  -O2 -c -mcpu=v11.0 -mlittle-endian -mxl-soft-mul" "EXTRA_COMPILER_FLAGS=-ffunction-sections -fdata-sections -Wall -Wextra"
"Compiling tmrctr"
"Running Make libs in microblaze_0/libsrc/uartlite_v3_2/src"
make -C microblaze_0/libsrc/uartlite_v3_2/src -s libs  "SHELL=CMD" "COMPILER=mb-gcc" "ARCHIVER=mb-ar" "COMPILER_FLAGS=  -O2 -c -mcpu=v11.0 -mlittle-endian -mxl-soft-mul" "EXTRA_COMPILER_FLAGS=-ffunction-sections -fdata-sections -Wall -Wextra"
"Compiling uartlite"
'Finished building libraries'
14:49:31 **** Incremental Build of configuration Debug for project p2 ****
make all 
'Building file: ../FreeRTOS_Example.c'
'Invoking: MicroBlaze gcc compiler'
mb-gcc -Wall -O0 -g3 -c -fmessage-length=0 -MT"FreeRTOS_Example.o" -I../../freertos10_xilinx_bsp_0/microblaze_0/include -mlittle-endian -mcpu=v11.0 -mxl-soft-mul -Wl,--no-relax -ffunction-sections -fdata-sections -MMD -MP -MF"FreeRTOS_Example.d" -MT"FreeRTOS_Example.o" -o "FreeRTOS_Example.o" "../FreeRTOS_Example.c"
../FreeRTOS_Example.c:38:3: error: expected identifier or '(' before numeric constant
   0
   ^
../FreeRTOS_Example.c: In function 'gpio_intr':
../FreeRTOS_Example.c:129:25: error: 'xInputGPIOInstance' undeclared (first use in this function)
  XGpio_InterruptClear( &xInputGPIOInstance, 3);
                         ^~~~~~~~~~~~~~~~~~
../FreeRTOS_Example.c:129:25: note: each undeclared identifier is reported only once for each function it appears in
../FreeRTOS_Example.c: In function 'sem_taken_que_tx':
../FreeRTOS_Example.c:234:26: error: 'xOutputGPIOInstance' undeclared (first use in this function)
    XGpio_DiscreteWrite( &xOutputGPIOInstance, 1, 0xC);
                          ^~~~~~~~~~~~~~~~~~~
../FreeRTOS_Example.c:166:25: warning: unused variable 'last_rpm' [-Wunused-variable]
  volatile u32 read_rpm, last_rpm;
                         ^~~~~~~~
../FreeRTOS_Example.c:140:17: warning: unused variable 'lastticks' [-Wunused-variable]
  int ticks = 0, lastticks = 1;
                 ^~~~~~~~~
../FreeRTOS_Example.c:140:6: warning: unused variable 'ticks' [-Wunused-variable]
  int ticks = 0, lastticks = 1;
      ^~~~~
../FreeRTOS_Example.c: In function 'prvSetupHardware':
../FreeRTOS_Example.c:494:31: error: 'xOutputGPIOInstance' undeclared (first use in this function)
  xStatus = XGpio_Initialize( &xOutputGPIOInstance, XPAR_AXI_GPIO_0_DEVICE_ID );
                               ^~~~~~~~~~~~~~~~~~~
../FreeRTOS_Example.c:508:32: error: 'xInputGPIOInstance' undeclared (first use in this function); did you mean 'xOutputGPIOInstance'?
   xStatus = XGpio_Initialize( &xInputGPIOInstance, XPAR_AXI_GPIO_1_DEVICE_ID );
                                ^~~~~~~~~~~~~~~~~~
                                xOutputGPIOInstance
../FreeRTOS_Example.c: In function 'AXI_Timer_initialize':
../FreeRTOS_Example.c:547:44: error: 'AXI_TIMER_DEVICE_ID' undeclared (first use in this function); did you mean 'XPAR_AXI_TIMER_0_DEVICE_ID'?
  status = XTmrCtr_Initialize(&AXITimerInst,AXI_TIMER_DEVICE_ID);
                                            ^~~~~~~~~~~~~~~~~~~
                                            XPAR_AXI_TIMER_0_DEVICE_ID
../FreeRTOS_Example.c:551:43: error: 'TmrCtrNumber' undeclared (first use in this function); did you mean 'XTmrCtr_Reset'?
  status = XTmrCtr_SelfTest(&AXITimerInst, TmrCtrNumber);
                                           ^~~~~~~~~~~~
                                           XTmrCtr_Reset
In file included from ../../freertos10_xilinx_bsp_0/microblaze_0/include/xtmrctr.h:177:0,
                 from ../FreeRTOS_Example.c:21:
../FreeRTOS_Example.c:556:30: error: 'AXI_TIMER_BASEADDR' undeclared (first use in this function); did you mean 'NX4IO_BASEADDR'?
  XTmrCtr_SetControlStatusReg(AXI_TIMER_BASEADDR, TmrCtrNumber,ctlsts);
                              ^
../../freertos10_xilinx_bsp_0/microblaze_0/include/xtmrctr_l.h:219:14: note: in definition of macro 'XTmrCtr_WriteReg'
  Xil_Out32(((BaseAddress) + XTmrCtr_Offsets[(TmrCtrNumber)] + \
              ^~~~~~~~~~~
../FreeRTOS_Example.c:556:2: note: in expansion of macro 'XTmrCtr_SetControlStatusReg'
  XTmrCtr_SetControlStatusReg(AXI_TIMER_BASEADDR, TmrCtrNumber,ctlsts);
  ^~~~~~~~~~~~~~~~~~~~~~~~~~~
make: *** [subdir.mk:20: FreeRTOS_Example.o] Error 1
14:50:50 **** Incremental Build of configuration Debug for project p2 ****
make all 
'Building file: ../FreeRTOS_Example.c'
'Invoking: MicroBlaze gcc compiler'
mb-gcc -Wall -O0 -g3 -c -fmessage-length=0 -MT"FreeRTOS_Example.o" -I../../freertos10_xilinx_bsp_0/microblaze_0/include -mlittle-endian -mcpu=v11.0 -mxl-soft-mul -Wl,--no-relax -ffunction-sections -fdata-sections -MMD -MP -MF"FreeRTOS_Example.d" -MT"FreeRTOS_Example.o" -o "FreeRTOS_Example.o" "../FreeRTOS_Example.c"
../FreeRTOS_Example.c: In function 'sem_taken_que_tx':
../FreeRTOS_Example.c:164:25: warning: unused variable 'last_rpm' [-Wunused-variable]
  volatile u32 read_rpm, last_rpm;
                         ^~~~~~~~
../FreeRTOS_Example.c:138:17: warning: unused variable 'lastticks' [-Wunused-variable]
  int ticks = 0, lastticks = 1;
                 ^~~~~~~~~
../FreeRTOS_Example.c:138:6: warning: unused variable 'ticks' [-Wunused-variable]
  int ticks = 0, lastticks = 1;
      ^~~~~
'Finished building: ../FreeRTOS_Example.c'
' '
'Building target: p2.elf'
'Invoking: MicroBlaze gcc linker'
mb-gcc -Wl,-T -Wl,../src/lscript.ld -L../../freertos10_xilinx_bsp_0/microblaze_0/lib -mlittle-endian -mcpu=v11.0 -mxl-soft-mul -Wl,--no-relax -Wl,--gc-sections -o "p2.elf"  ./FreeRTOS_Example.o   -Wl,--start-group,-lxil,-lfreertos,-lgcc,-lc,--end-group
'Finished building target: p2.elf'
' '
'Invoking: MicroBlaze Print Size'
mb-size p2.elf  |tee "p2.elf.size"
   text	   data	    bss	    dec	    hex	filename
  53072	   1520	  70072	 124664	  1e6f8	p2.elf
'Finished building: p2.elf.size'
' '
14:52:51 **** Incremental Build of configuration Debug for project p2 ****
make all 
'Building file: ../FreeRTOS_Example.c'
'Invoking: MicroBlaze gcc compiler'
mb-gcc -Wall -O0 -g3 -c -fmessage-length=0 -MT"FreeRTOS_Example.o" -I../../freertos10_xilinx_bsp_0/microblaze_0/include -mlittle-endian -mcpu=v11.0 -mxl-soft-mul -Wl,--no-relax -ffunction-sections -fdata-sections -MMD -MP -MF"FreeRTOS_Example.d" -MT"FreeRTOS_Example.o" -o "FreeRTOS_Example.o" "../FreeRTOS_Example.c"
../FreeRTOS_Example.c: In function 'sem_taken_que_tx':
../FreeRTOS_Example.c:164:25: warning: unused variable 'last_rpm' [-Wunused-variable]
  volatile u32 read_rpm, last_rpm;
                         ^~~~~~~~
../FreeRTOS_Example.c:138:17: warning: unused variable 'lastticks' [-Wunused-variable]
  int ticks = 0, lastticks = 1;
                 ^~~~~~~~~
../FreeRTOS_Example.c:138:6: warning: unused variable 'ticks' [-Wunused-variable]
  int ticks = 0, lastticks = 1;
      ^~~~~
'Finished building: ../FreeRTOS_Example.c'
' '
'Building target: p2.elf'
'Invoking: MicroBlaze gcc linker'
mb-gcc -Wl,-T -Wl,../src/lscript.ld -L../../freertos10_xilinx_bsp_0/microblaze_0/lib -mlittle-endian -mcpu=v11.0 -mxl-soft-mul -Wl,--no-relax -Wl,--gc-sections -o "p2.elf"  ./FreeRTOS_Example.o   -Wl,--start-group,-lxil,-lfreertos,-lgcc,-lc,--end-group
'Finished building target: p2.elf'
' '
'Invoking: MicroBlaze Print Size'
mb-size p2.elf  |tee "p2.elf.size"
   text	   data	    bss	    dec	    hex	filename
  53016	   1520	  70072	 124608	  1e6c0	p2.elf
'Finished building: p2.elf.size'
' '
14:53:36 **** Incremental Build of configuration Debug for project p2 ****
make all 
'Building file: ../FreeRTOS_Example.c'
'Invoking: MicroBlaze gcc compiler'
mb-gcc -Wall -O0 -g3 -c -fmessage-length=0 -MT"FreeRTOS_Example.o" -I../../freertos10_xilinx_bsp_0/microblaze_0/include -mlittle-endian -mcpu=v11.0 -mxl-soft-mul -Wl,--no-relax -ffunction-sections -fdata-sections -MMD -MP -MF"FreeRTOS_Example.d" -MT"FreeRTOS_Example.o" -o "FreeRTOS_Example.o" "../FreeRTOS_Example.c"
../FreeRTOS_Example.c: In function 'sem_taken_que_tx':
../FreeRTOS_Example.c:164:25: warning: unused variable 'last_rpm' [-Wunused-variable]
  volatile u32 read_rpm, last_rpm;
                         ^~~~~~~~
../FreeRTOS_Example.c:138:17: warning: unused variable 'lastticks' [-Wunused-variable]
  int ticks = 0, lastticks = 1;
                 ^~~~~~~~~
../FreeRTOS_Example.c:138:6: warning: unused variable 'ticks' [-Wunused-variable]
  int ticks = 0, lastticks = 1;
      ^~~~~
'Finished building: ../FreeRTOS_Example.c'
' '
'Building target: p2.elf'
'Invoking: MicroBlaze gcc linker'
mb-gcc -Wl,-T -Wl,../src/lscript.ld -L../../freertos10_xilinx_bsp_0/microblaze_0/lib -mlittle-endian -mcpu=v11.0 -mxl-soft-mul -Wl,--no-relax -Wl,--gc-sections -o "p2.elf"  ./FreeRTOS_Example.o   -Wl,--start-group,-lxil,-lfreertos,-lgcc,-lc,--end-group
'Finished building target: p2.elf'
' '
'Invoking: MicroBlaze Print Size'
mb-size p2.elf  |tee "p2.elf.size"
   text	   data	    bss	    dec	    hex	filename
  53016	   1520	  70072	 124608	  1e6c0	p2.elf
'Finished building: p2.elf.size'
' '
14:56:47 **** Incremental Build of configuration Debug for project p2 ****
make all 
'Building file: ../FreeRTOS_Example.c'
'Invoking: MicroBlaze gcc compiler'
mb-gcc -Wall -O0 -g3 -c -fmessage-length=0 -MT"FreeRTOS_Example.o" -I../../freertos10_xilinx_bsp_0/microblaze_0/include -mlittle-endian -mcpu=v11.0 -mxl-soft-mul -Wl,--no-relax -ffunction-sections -fdata-sections -MMD -MP -MF"FreeRTOS_Example.d" -MT"FreeRTOS_Example.o" -o "FreeRTOS_Example.o" "../FreeRTOS_Example.c"
../FreeRTOS_Example.c: In function 'sem_taken_que_tx':
../FreeRTOS_Example.c:164:25: warning: unused variable 'last_rpm' [-Wunused-variable]
  volatile u32 read_rpm, last_rpm;
                         ^~~~~~~~
../FreeRTOS_Example.c:138:17: warning: unused variable 'lastticks' [-Wunused-variable]
  int ticks = 0, lastticks = 1;
                 ^~~~~~~~~
../FreeRTOS_Example.c:138:6: warning: unused variable 'ticks' [-Wunused-variable]
  int ticks = 0, lastticks = 1;
      ^~~~~
'Finished building: ../FreeRTOS_Example.c'
' '
'Building target: p2.elf'
'Invoking: MicroBlaze gcc linker'
mb-gcc -Wl,-T -Wl,../src/lscript.ld -L../../freertos10_xilinx_bsp_0/microblaze_0/lib -mlittle-endian -mcpu=v11.0 -mxl-soft-mul -Wl,--no-relax -Wl,--gc-sections -o "p2.elf"  ./FreeRTOS_Example.o   -Wl,--start-group,-lxil,-lfreertos,-lgcc,-lc,--end-group
'Finished building target: p2.elf'
' '
'Invoking: MicroBlaze Print Size'
mb-size p2.elf  |tee "p2.elf.size"
   text	   data	    bss	    dec	    hex	filename
  53660	   1520	  70076	 125256	  1e948	p2.elf
'Finished building: p2.elf.size'
' '
14:57:17 **** Incremental Build of configuration Debug for project p2 ****
make all 
make: Nothing to be done for 'all'.
14:57:42 **** Incremental Build of configuration Debug for project p2 ****
make all 
make: Nothing to be done for 'all'.
14:58:23 **** Incremental Build of configuration Debug for project p2 ****
make all 
'Building file: ../FreeRTOS_Example.c'
'Invoking: MicroBlaze gcc compiler'
mb-gcc -Wall -O0 -g3 -c -fmessage-length=0 -MT"FreeRTOS_Example.o" -I../../freertos10_xilinx_bsp_0/microblaze_0/include -mlittle-endian -mcpu=v11.0 -mxl-soft-mul -Wl,--no-relax -ffunction-sections -fdata-sections -MMD -MP -MF"FreeRTOS_Example.d" -MT"FreeRTOS_Example.o" -o "FreeRTOS_Example.o" "../FreeRTOS_Example.c"
../FreeRTOS_Example.c: In function 'sem_taken_que_tx':
../FreeRTOS_Example.c:164:25: warning: unused variable 'last_rpm' [-Wunused-variable]
  volatile u32 read_rpm, last_rpm;
                         ^~~~~~~~
../FreeRTOS_Example.c:138:17: warning: unused variable 'lastticks' [-Wunused-variable]
  int ticks = 0, lastticks = 1;
                 ^~~~~~~~~
../FreeRTOS_Example.c:138:6: warning: unused variable 'ticks' [-Wunused-variable]
  int ticks = 0, lastticks = 1;
      ^~~~~
'Finished building: ../FreeRTOS_Example.c'
' '
'Building target: p2.elf'
'Invoking: MicroBlaze gcc linker'
mb-gcc -Wl,-T -Wl,../src/lscript.ld -L../../freertos10_xilinx_bsp_0/microblaze_0/lib -mlittle-endian -mcpu=v11.0 -mxl-soft-mul -Wl,--no-relax -Wl,--gc-sections -o "p2.elf"  ./FreeRTOS_Example.o   -Wl,--start-group,-lxil,-lfreertos,-lgcc,-lc,--end-group
'Finished building target: p2.elf'
' '
'Invoking: MicroBlaze Print Size'
mb-size p2.elf  |tee "p2.elf.size"
   text	   data	    bss	    dec	    hex	filename
  53688	   1520	  70072	 125280	  1e960	p2.elf
'Finished building: p2.elf.size'
' '
14:59:07 **** Incremental Build of configuration Debug for project p2 ****
make all 
make: Nothing to be done for 'all'.
15:03:17 **** Incremental Build of configuration Debug for project p2 ****
make all 
make: Nothing to be done for 'all'.
15:07:04 **** Clean-only build of configuration Debug for project p2 ****
make clean 
rm -rf  ./FreeRTOS_Example.o  ./FreeRTOS_Example.d  p2.elf.size  p2.elf
' '
15:07:04 **** Build of project freertos10_xilinx_bsp_0 ****
make -k all 
"Running Make include in microblaze_0/libsrc/bram_v4_2/src"
make -C microblaze_0/libsrc/bram_v4_2/src -s include  "SHELL=CMD" "COMPILER=mb-gcc" "ARCHIVER=mb-ar" "COMPILER_FLAGS=  -O2 -c -mcpu=v11.0 -mlittle-endian -mxl-soft-mul" "EXTRA_COMPILER_FLAGS=-ffunction-sections -fdata-sections -Wall -Wextra"
"Running Make include in microblaze_0/libsrc/cpu_v2_8/src"
make -C microblaze_0/libsrc/cpu_v2_8/src -s include  "SHELL=CMD" "COMPILER=mb-gcc" "ARCHIVER=mb-ar" "COMPILER_FLAGS=  -O2 -c -mcpu=v11.0 -mlittle-endian -mxl-soft-mul" "EXTRA_COMPILER_FLAGS=-ffunction-sections -fdata-sections -Wall -Wextra"
"Running Make include in microblaze_0/libsrc/freertos10_xilinx_v1_2/src"
make -C microblaze_0/libsrc/freertos10_xilinx_v1_2/src -s include  "SHELL=CMD" "COMPILER=mb-gcc" "ARCHIVER=mb-ar" "COMPILER_FLAGS=  -O2 -c -mcpu=v11.0 -mlittle-endian -mxl-soft-mul" "EXTRA_COMPILER_FLAGS=-ffunction-sections -fdata-sections -Wall -Wextra"
"include"
"Running Make include in microblaze_0/libsrc/gpio_v4_3/src"
make -C microblaze_0/libsrc/gpio_v4_3/src -s include  "SHELL=CMD" "COMPILER=mb-gcc" "ARCHIVER=mb-ar" "COMPILER_FLAGS=  -O2 -c -mcpu=v11.0 -mlittle-endian -mxl-soft-mul" "EXTRA_COMPILER_FLAGS=-ffunction-sections -fdata-sections -Wall -Wextra"
"Running Make include in microblaze_0/libsrc/HB3_v1_0/src"
make -C microblaze_0/libsrc/HB3_v1_0/src -s include  "SHELL=CMD" "COMPILER=mb-gcc" "ARCHIVER=mb-ar" "COMPILER_FLAGS=  -O2 -c -mcpu=v11.0 -mlittle-endian -mxl-soft-mul" "EXTRA_COMPILER_FLAGS=-ffunction-sections -fdata-sections -Wall -Wextra"
"Running Make include in microblaze_0/libsrc/intc_v3_8/src"
make -C microblaze_0/libsrc/intc_v3_8/src -s include  "SHELL=CMD" "COMPILER=mb-gcc" "ARCHIVER=mb-ar" "COMPILER_FLAGS=  -O2 -c -mcpu=v11.0 -mlittle-endian -mxl-soft-mul" "EXTRA_COMPILER_FLAGS=-ffunction-sections -fdata-sections -Wall -Wextra"
"Running Make include in microblaze_0/libsrc/nexys4IO_v1_0/src"
make -C microblaze_0/libsrc/nexys4IO_v1_0/src -s include  "SHELL=CMD" "COMPILER=mb-gcc" "ARCHIVER=mb-ar" "COMPILER_FLAGS=  -O2 -c -mcpu=v11.0 -mlittle-endian -mxl-soft-mul" "EXTRA_COMPILER_FLAGS=-ffunction-sections -fdata-sections -Wall -Wextra"
"Running Make include in microblaze_0/libsrc/PmodENC_v1_0/src"
make -C microblaze_0/libsrc/PmodENC_v1_0/src -s include  "SHELL=CMD" "COMPILER=mb-gcc" "ARCHIVER=mb-ar" "COMPILER_FLAGS=  -O2 -c -mcpu=v11.0 -mlittle-endian -mxl-soft-mul" "EXTRA_COMPILER_FLAGS=-ffunction-sections -fdata-sections -Wall -Wextra"
"Running Make include in microblaze_0/libsrc/PmodOLEDrgb_v1_0/src"
make -C microblaze_0/libsrc/PmodOLEDrgb_v1_0/src -s include  "SHELL=CMD" "COMPILER=mb-gcc" "ARCHIVER=mb-ar" "COMPILER_FLAGS=  -O2 -c -mcpu=v11.0 -mlittle-endian -mxl-soft-mul" "EXTRA_COMPILER_FLAGS=-ffunction-sections -fdata-sections -Wall -Wextra"
"Running Make include in microblaze_0/libsrc/tmrctr_v4_5/src"
make -C microblaze_0/libsrc/tmrctr_v4_5/src -s include  "SHELL=CMD" "COMPILER=mb-gcc" "ARCHIVER=mb-ar" "COMPILER_FLAGS=  -O2 -c -mcpu=v11.0 -mlittle-endian -mxl-soft-mul" "EXTRA_COMPILER_FLAGS=-ffunction-sections -fdata-sections -Wall -Wextra"
"Running Make include in microblaze_0/libsrc/uartlite_v3_2/src"
make -C microblaze_0/libsrc/uartlite_v3_2/src -s include  "SHELL=CMD" "COMPILER=mb-gcc" "ARCHIVER=mb-ar" "COMPILER_FLAGS=  -O2 -c -mcpu=v11.0 -mlittle-endian -mxl-soft-mul" "EXTRA_COMPILER_FLAGS=-ffunction-sections -fdata-sections -Wall -Wextra"
"Running Make libs in microblaze_0/libsrc/bram_v4_2/src"
make -C microblaze_0/libsrc/bram_v4_2/src -s libs  "SHELL=CMD" "COMPILER=mb-gcc" "ARCHIVER=mb-ar" "COMPILER_FLAGS=  -O2 -c -mcpu=v11.0 -mlittle-endian -mxl-soft-mul" "EXTRA_COMPILER_FLAGS=-ffunction-sections -fdata-sections -Wall -Wextra"
"Compiling bram"
mb-ar: creating ../../../lib/libxil.a
"Running Make libs in microblaze_0/libsrc/cpu_v2_8/src"
make -C microblaze_0/libsrc/cpu_v2_8/src -s libs  "SHELL=CMD" "COMPILER=mb-gcc" "ARCHIVER=mb-ar" "COMPILER_FLAGS=  -O2 -c -mcpu=v11.0 -mlittle-endian -mxl-soft-mul" "EXTRA_COMPILER_FLAGS=-ffunction-sections -fdata-sections -Wall -Wextra"
"Compiling cpu"
"Running Make libs in microblaze_0/libsrc/freertos10_xilinx_v1_2/src"
make -C microblaze_0/libsrc/freertos10_xilinx_v1_2/src -s libs  "SHELL=CMD" "COMPILER=mb-gcc" "ARCHIVER=mb-ar" "COMPILER_FLAGS=  -O2 -c -mcpu=v11.0 -mlittle-endian -mxl-soft-mul" "EXTRA_COMPILER_FLAGS=-ffunction-sections -fdata-sections -Wall -Wextra"
"Compiling standalone";
microblaze_sleep.c:77:9: note: #pragma message: For the sleep routines, assembly instructions are used
 #pragma message ("For the sleep routines, assembly instructions are used")
         ^~~~~~~
"Compiling FreeRTOS"
mb-ar: creating ../../../lib/libfreertos.a
"Running Make libs in microblaze_0/libsrc/gpio_v4_3/src"
make -C microblaze_0/libsrc/gpio_v4_3/src -s libs  "SHELL=CMD" "COMPILER=mb-gcc" "ARCHIVER=mb-ar" "COMPILER_FLAGS=  -O2 -c -mcpu=v11.0 -mlittle-endian -mxl-soft-mul" "EXTRA_COMPILER_FLAGS=-ffunction-sections -fdata-sections -Wall -Wextra"
"Compiling gpio"
"Running Make libs in microblaze_0/libsrc/HB3_v1_0/src"
make -C microblaze_0/libsrc/HB3_v1_0/src -s libs  "SHELL=CMD" "COMPILER=mb-gcc" "ARCHIVER=mb-ar" "COMPILER_FLAGS=  -O2 -c -mcpu=v11.0 -mlittle-endian -mxl-soft-mul" "EXTRA_COMPILER_FLAGS=-ffunction-sections -fdata-sections -Wall -Wextra"
"Compiling HB3..."
HB3_selftest.c: In function 'HB3_Reg_SelfTest':
HB3_selftest.c:52:52: warning: comparison between signed and unsigned integer expressions [-Wsign-compare]
    if ( HB3_mReadReg (baseaddr, read_loop_index*4) != (read_loop_index+1)*READ_WRITE_MUL_FACTOR){
                                                    ^~
HB3_selftest.c:36:6: warning: unused variable 'Index' [-Wunused-variable]
  int Index;
      ^~~~~
"Running Make libs in microblaze_0/libsrc/intc_v3_8/src"
make -C microblaze_0/libsrc/intc_v3_8/src -s libs  "SHELL=CMD" "COMPILER=mb-gcc" "ARCHIVER=mb-ar" "COMPILER_FLAGS=  -O2 -c -mcpu=v11.0 -mlittle-endian -mxl-soft-mul" "EXTRA_COMPILER_FLAGS=-ffunction-sections -fdata-sections -Wall -Wextra"
"Compiling intc"
"Running Make libs in microblaze_0/libsrc/nexys4IO_v1_0/src"
make -C microblaze_0/libsrc/nexys4IO_v1_0/src -s libs  "SHELL=CMD" "COMPILER=mb-gcc" "ARCHIVER=mb-ar" "COMPILER_FLAGS=  -O2 -c -mcpu=v11.0 -mlittle-endian -mxl-soft-mul" "EXTRA_COMPILER_FLAGS=-ffunction-sections -fdata-sections -Wall -Wextra"
"Compiling nexys4IO..."
"Running Make libs in microblaze_0/libsrc/PmodENC_v1_0/src"
make -C microblaze_0/libsrc/PmodENC_v1_0/src -s libs  "SHELL=CMD" "COMPILER=mb-gcc" "ARCHIVER=mb-ar" "COMPILER_FLAGS=  -O2 -c -mcpu=v11.0 -mlittle-endian -mxl-soft-mul" "EXTRA_COMPILER_FLAGS=-ffunction-sections -fdata-sections -Wall -Wextra"
"Compiling PmodENC..."
"Running Make libs in microblaze_0/libsrc/PmodOLEDrgb_v1_0/src"
make -C microblaze_0/libsrc/PmodOLEDrgb_v1_0/src -s libs  "SHELL=CMD" "COMPILER=mb-gcc" "ARCHIVER=mb-ar" "COMPILER_FLAGS=  -O2 -c -mcpu=v11.0 -mlittle-endian -mxl-soft-mul" "EXTRA_COMPILER_FLAGS=-ffunction-sections -fdata-sections -Wall -Wextra"
"Compiling PmodOLEDrgb..."
PmodOLEDrgb_selftest.c: In function 'PMODOLEDRGB_Reg_SelfTest':
PmodOLEDrgb_selftest.c:51:60: warning: comparison between signed and unsigned integer expressions [-Wsign-compare]
    if ( PMODOLEDRGB_mReadReg (baseaddr, read_loop_index*4) != (read_loop_index+1)*READ_WRITE_MUL_FACTOR){
                                                            ^~
"Running Make libs in microblaze_0/libsrc/tmrctr_v4_5/src"
make -C microblaze_0/libsrc/tmrctr_v4_5/src -s libs  "SHELL=CMD" "COMPILER=mb-gcc" "ARCHIVER=mb-ar" "COMPILER_FLAGS=  -O2 -c -mcpu=v11.0 -mlittle-endian -mxl-soft-mul" "EXTRA_COMPILER_FLAGS=-ffunction-sections -fdata-sections -Wall -Wextra"
"Compiling tmrctr"
"Running Make libs in microblaze_0/libsrc/uartlite_v3_2/src"
make -C microblaze_0/libsrc/uartlite_v3_2/src -s libs  "SHELL=CMD" "COMPILER=mb-gcc" "ARCHIVER=mb-ar" "COMPILER_FLAGS=  -O2 -c -mcpu=v11.0 -mlittle-endian -mxl-soft-mul" "EXTRA_COMPILER_FLAGS=-ffunction-sections -fdata-sections -Wall -Wextra"
"Compiling uartlite"
'Finished building libraries'
15:08:24 **** Build of configuration Debug for project p2 ****
make all 
'Building file: ../FreeRTOS_Example.c'
'Invoking: MicroBlaze gcc compiler'
mb-gcc -Wall -O0 -g3 -c -fmessage-length=0 -MT"FreeRTOS_Example.o" -I../../freertos10_xilinx_bsp_0/microblaze_0/include -mlittle-endian -mcpu=v11.0 -mxl-soft-mul -Wl,--no-relax -ffunction-sections -fdata-sections -MMD -MP -MF"FreeRTOS_Example.d" -MT"FreeRTOS_Example.o" -o "FreeRTOS_Example.o" "../FreeRTOS_Example.c"
../FreeRTOS_Example.c: In function 'sem_taken_que_tx':
../FreeRTOS_Example.c:164:25: warning: unused variable 'last_rpm' [-Wunused-variable]
  volatile u32 read_rpm, last_rpm;
                         ^~~~~~~~
../FreeRTOS_Example.c:138:17: warning: unused variable 'lastticks' [-Wunused-variable]
  int ticks = 0, lastticks = 1;
                 ^~~~~~~~~
../FreeRTOS_Example.c:138:6: warning: unused variable 'ticks' [-Wunused-variable]
  int ticks = 0, lastticks = 1;
      ^~~~~
'Finished building: ../FreeRTOS_Example.c'
' '
'Building target: p2.elf'
'Invoking: MicroBlaze gcc linker'
mb-gcc -Wl,-T -Wl,../src/lscript.ld -L../../freertos10_xilinx_bsp_0/microblaze_0/lib -mlittle-endian -mcpu=v11.0 -mxl-soft-mul -Wl,--no-relax -Wl,--gc-sections -o "p2.elf"  ./FreeRTOS_Example.o   -Wl,--start-group,-lxil,-lfreertos,-lgcc,-lc,--end-group
'Finished building target: p2.elf'
' '
'Invoking: MicroBlaze Print Size'
mb-size p2.elf  |tee "p2.elf.size"
   text	   data	    bss	    dec	    hex	filename
  53688	   1520	  70072	 125280	  1e960	p2.elf
'Finished building: p2.elf.size'
' '
15:08:28 **** Clean-only build of project freertos10_xilinx_bsp_0 ****
make -k clean 
make -C microblaze_0/libsrc/bram_v4_2/src -s clean 
make -C microblaze_0/libsrc/cpu_v2_8/src -s clean 
make -C microblaze_0/libsrc/freertos10_xilinx_v1_2/src -s clean 
make -C microblaze_0/libsrc/gpio_v4_3/src -s clean 
make -C microblaze_0/libsrc/HB3_v1_0/src -s clean 
rm: cannot lstat `*.o': Invalid argument
make[1]: *** [Makefile:26: clean] Error 1
make: *** [Makefile:33: microblaze_0/libsrc/HB3_v1_0/src/make.clean] Error 2
make -C microblaze_0/libsrc/intc_v3_8/src -s clean 
make -C microblaze_0/libsrc/nexys4IO_v1_0/src -s clean 
rm: cannot lstat `*.o': Invalid argument
make[1]: *** [Makefile:26: clean] Error 1
make: *** [Makefile:33: microblaze_0/libsrc/nexys4IO_v1_0/src/make.clean] Error 2
make -C microblaze_0/libsrc/PmodENC_v1_0/src -s clean 
rm: cannot lstat `*.o': Invalid argument
make[1]: *** [Makefile:26: clean] Error 1
make: *** [Makefile:33: microblaze_0/libsrc/PmodENC_v1_0/src/make.clean] Error 2
make -C microblaze_0/libsrc/PmodOLEDrgb_v1_0/src -s clean 
rm: cannot lstat `*.o': Invalid argument
make[1]: *** [Makefile:26: clean] Error 1
make: *** [Makefile:33: microblaze_0/libsrc/PmodOLEDrgb_v1_0/src/make.clean] Error 2
make -C microblaze_0/libsrc/tmrctr_v4_5/src -s clean 
make -C microblaze_0/libsrc/uartlite_v3_2/src -s clean 
make: Target 'clean' not remade because of errors.
15:08:31 **** Incremental Build of project freertos10_xilinx_bsp_0 ****
make -k all 
"Running Make include in microblaze_0/libsrc/bram_v4_2/src"
make -C microblaze_0/libsrc/bram_v4_2/src -s include  "SHELL=CMD" "COMPILER=mb-gcc" "ARCHIVER=mb-ar" "COMPILER_FLAGS=  -O2 -c -mcpu=v11.0 -mlittle-endian -mxl-soft-mul" "EXTRA_COMPILER_FLAGS=-ffunction-sections -fdata-sections -Wall -Wextra"
"Running Make include in microblaze_0/libsrc/cpu_v2_8/src"
make -C microblaze_0/libsrc/cpu_v2_8/src -s include  "SHELL=CMD" "COMPILER=mb-gcc" "ARCHIVER=mb-ar" "COMPILER_FLAGS=  -O2 -c -mcpu=v11.0 -mlittle-endian -mxl-soft-mul" "EXTRA_COMPILER_FLAGS=-ffunction-sections -fdata-sections -Wall -Wextra"
"Running Make include in microblaze_0/libsrc/freertos10_xilinx_v1_2/src"
make -C microblaze_0/libsrc/freertos10_xilinx_v1_2/src -s include  "SHELL=CMD" "COMPILER=mb-gcc" "ARCHIVER=mb-ar" "COMPILER_FLAGS=  -O2 -c -mcpu=v11.0 -mlittle-endian -mxl-soft-mul" "EXTRA_COMPILER_FLAGS=-ffunction-sections -fdata-sections -Wall -Wextra"
"include"
"Running Make include in microblaze_0/libsrc/gpio_v4_3/src"
make -C microblaze_0/libsrc/gpio_v4_3/src -s include  "SHELL=CMD" "COMPILER=mb-gcc" "ARCHIVER=mb-ar" "COMPILER_FLAGS=  -O2 -c -mcpu=v11.0 -mlittle-endian -mxl-soft-mul" "EXTRA_COMPILER_FLAGS=-ffunction-sections -fdata-sections -Wall -Wextra"
"Running Make include in microblaze_0/libsrc/HB3_v1_0/src"
make -C microblaze_0/libsrc/HB3_v1_0/src -s include  "SHELL=CMD" "COMPILER=mb-gcc" "ARCHIVER=mb-ar" "COMPILER_FLAGS=  -O2 -c -mcpu=v11.0 -mlittle-endian -mxl-soft-mul" "EXTRA_COMPILER_FLAGS=-ffunction-sections -fdata-sections -Wall -Wextra"
"Running Make include in microblaze_0/libsrc/intc_v3_8/src"
make -C microblaze_0/libsrc/intc_v3_8/src -s include  "SHELL=CMD" "COMPILER=mb-gcc" "ARCHIVER=mb-ar" "COMPILER_FLAGS=  -O2 -c -mcpu=v11.0 -mlittle-endian -mxl-soft-mul" "EXTRA_COMPILER_FLAGS=-ffunction-sections -fdata-sections -Wall -Wextra"
"Running Make include in microblaze_0/libsrc/nexys4IO_v1_0/src"
make -C microblaze_0/libsrc/nexys4IO_v1_0/src -s include  "SHELL=CMD" "COMPILER=mb-gcc" "ARCHIVER=mb-ar" "COMPILER_FLAGS=  -O2 -c -mcpu=v11.0 -mlittle-endian -mxl-soft-mul" "EXTRA_COMPILER_FLAGS=-ffunction-sections -fdata-sections -Wall -Wextra"
"Running Make include in microblaze_0/libsrc/PmodENC_v1_0/src"
make -C microblaze_0/libsrc/PmodENC_v1_0/src -s include  "SHELL=CMD" "COMPILER=mb-gcc" "ARCHIVER=mb-ar" "COMPILER_FLAGS=  -O2 -c -mcpu=v11.0 -mlittle-endian -mxl-soft-mul" "EXTRA_COMPILER_FLAGS=-ffunction-sections -fdata-sections -Wall -Wextra"
"Running Make include in microblaze_0/libsrc/PmodOLEDrgb_v1_0/src"
make -C microblaze_0/libsrc/PmodOLEDrgb_v1_0/src -s include  "SHELL=CMD" "COMPILER=mb-gcc" "ARCHIVER=mb-ar" "COMPILER_FLAGS=  -O2 -c -mcpu=v11.0 -mlittle-endian -mxl-soft-mul" "EXTRA_COMPILER_FLAGS=-ffunction-sections -fdata-sections -Wall -Wextra"
"Running Make include in microblaze_0/libsrc/tmrctr_v4_5/src"
make -C microblaze_0/libsrc/tmrctr_v4_5/src -s include  "SHELL=CMD" "COMPILER=mb-gcc" "ARCHIVER=mb-ar" "COMPILER_FLAGS=  -O2 -c -mcpu=v11.0 -mlittle-endian -mxl-soft-mul" "EXTRA_COMPILER_FLAGS=-ffunction-sections -fdata-sections -Wall -Wextra"
"Running Make include in microblaze_0/libsrc/uartlite_v3_2/src"
make -C microblaze_0/libsrc/uartlite_v3_2/src -s include  "SHELL=CMD" "COMPILER=mb-gcc" "ARCHIVER=mb-ar" "COMPILER_FLAGS=  -O2 -c -mcpu=v11.0 -mlittle-endian -mxl-soft-mul" "EXTRA_COMPILER_FLAGS=-ffunction-sections -fdata-sections -Wall -Wextra"
"Running Make libs in microblaze_0/libsrc/bram_v4_2/src"
make -C microblaze_0/libsrc/bram_v4_2/src -s libs  "SHELL=CMD" "COMPILER=mb-gcc" "ARCHIVER=mb-ar" "COMPILER_FLAGS=  -O2 -c -mcpu=v11.0 -mlittle-endian -mxl-soft-mul" "EXTRA_COMPILER_FLAGS=-ffunction-sections -fdata-sections -Wall -Wextra"
"Compiling bram"
"Running Make libs in microblaze_0/libsrc/cpu_v2_8/src"
make -C microblaze_0/libsrc/cpu_v2_8/src -s libs  "SHELL=CMD" "COMPILER=mb-gcc" "ARCHIVER=mb-ar" "COMPILER_FLAGS=  -O2 -c -mcpu=v11.0 -mlittle-endian -mxl-soft-mul" "EXTRA_COMPILER_FLAGS=-ffunction-sections -fdata-sections -Wall -Wextra"
"Compiling cpu"
"Running Make libs in microblaze_0/libsrc/freertos10_xilinx_v1_2/src"
make -C microblaze_0/libsrc/freertos10_xilinx_v1_2/src -s libs  "SHELL=CMD" "COMPILER=mb-gcc" "ARCHIVER=mb-ar" "COMPILER_FLAGS=  -O2 -c -mcpu=v11.0 -mlittle-endian -mxl-soft-mul" "EXTRA_COMPILER_FLAGS=-ffunction-sections -fdata-sections -Wall -Wextra"
"Compiling standalone";
microblaze_sleep.c:77:9: note: #pragma message: For the sleep routines, assembly instructions are used
 #pragma message ("For the sleep routines, assembly instructions are used")
         ^~~~~~~
"Compiling FreeRTOS"
"Running Make libs in microblaze_0/libsrc/gpio_v4_3/src"
make -C microblaze_0/libsrc/gpio_v4_3/src -s libs  "SHELL=CMD" "COMPILER=mb-gcc" "ARCHIVER=mb-ar" "COMPILER_FLAGS=  -O2 -c -mcpu=v11.0 -mlittle-endian -mxl-soft-mul" "EXTRA_COMPILER_FLAGS=-ffunction-sections -fdata-sections -Wall -Wextra"
"Compiling gpio"
"Running Make libs in microblaze_0/libsrc/HB3_v1_0/src"
make -C microblaze_0/libsrc/HB3_v1_0/src -s libs  "SHELL=CMD" "COMPILER=mb-gcc" "ARCHIVER=mb-ar" "COMPILER_FLAGS=  -O2 -c -mcpu=v11.0 -mlittle-endian -mxl-soft-mul" "EXTRA_COMPILER_FLAGS=-ffunction-sections -fdata-sections -Wall -Wextra"
"Compiling HB3..."
HB3_selftest.c: In function 'HB3_Reg_SelfTest':
HB3_selftest.c:52:52: warning: comparison between signed and unsigned integer expressions [-Wsign-compare]
    if ( HB3_mReadReg (baseaddr, read_loop_index*4) != (read_loop_index+1)*READ_WRITE_MUL_FACTOR){
                                                    ^~
HB3_selftest.c:36:6: warning: unused variable 'Index' [-Wunused-variable]
  int Index;
      ^~~~~
"Running Make libs in microblaze_0/libsrc/intc_v3_8/src"
make -C microblaze_0/libsrc/intc_v3_8/src -s libs  "SHELL=CMD" "COMPILER=mb-gcc" "ARCHIVER=mb-ar" "COMPILER_FLAGS=  -O2 -c -mcpu=v11.0 -mlittle-endian -mxl-soft-mul" "EXTRA_COMPILER_FLAGS=-ffunction-sections -fdata-sections -Wall -Wextra"
"Compiling intc"
"Running Make libs in microblaze_0/libsrc/nexys4IO_v1_0/src"
make -C microblaze_0/libsrc/nexys4IO_v1_0/src -s libs  "SHELL=CMD" "COMPILER=mb-gcc" "ARCHIVER=mb-ar" "COMPILER_FLAGS=  -O2 -c -mcpu=v11.0 -mlittle-endian -mxl-soft-mul" "EXTRA_COMPILER_FLAGS=-ffunction-sections -fdata-sections -Wall -Wextra"
"Compiling nexys4IO..."
"Running Make libs in microblaze_0/libsrc/PmodENC_v1_0/src"
make -C microblaze_0/libsrc/PmodENC_v1_0/src -s libs  "SHELL=CMD" "COMPILER=mb-gcc" "ARCHIVER=mb-ar" "COMPILER_FLAGS=  -O2 -c -mcpu=v11.0 -mlittle-endian -mxl-soft-mul" "EXTRA_COMPILER_FLAGS=-ffunction-sections -fdata-sections -Wall -Wextra"
"Compiling PmodENC..."
"Running Make libs in microblaze_0/libsrc/PmodOLEDrgb_v1_0/src"
make -C microblaze_0/libsrc/PmodOLEDrgb_v1_0/src -s libs  "SHELL=CMD" "COMPILER=mb-gcc" "ARCHIVER=mb-ar" "COMPILER_FLAGS=  -O2 -c -mcpu=v11.0 -mlittle-endian -mxl-soft-mul" "EXTRA_COMPILER_FLAGS=-ffunction-sections -fdata-sections -Wall -Wextra"
"Compiling PmodOLEDrgb..."
PmodOLEDrgb_selftest.c: In function 'PMODOLEDRGB_Reg_SelfTest':
PmodOLEDrgb_selftest.c:51:60: warning: comparison between signed and unsigned integer expressions [-Wsign-compare]
    if ( PMODOLEDRGB_mReadReg (baseaddr, read_loop_index*4) != (read_loop_index+1)*READ_WRITE_MUL_FACTOR){
                                                            ^~
"Running Make libs in microblaze_0/libsrc/tmrctr_v4_5/src"
make -C microblaze_0/libsrc/tmrctr_v4_5/src -s libs  "SHELL=CMD" "COMPILER=mb-gcc" "ARCHIVER=mb-ar" "COMPILER_FLAGS=  -O2 -c -mcpu=v11.0 -mlittle-endian -mxl-soft-mul" "EXTRA_COMPILER_FLAGS=-ffunction-sections -fdata-sections -Wall -Wextra"
"Compiling tmrctr"
"Running Make libs in microblaze_0/libsrc/uartlite_v3_2/src"
make -C microblaze_0/libsrc/uartlite_v3_2/src -s libs  "SHELL=CMD" "COMPILER=mb-gcc" "ARCHIVER=mb-ar" "COMPILER_FLAGS=  -O2 -c -mcpu=v11.0 -mlittle-endian -mxl-soft-mul" "EXTRA_COMPILER_FLAGS=-ffunction-sections -fdata-sections -Wall -Wextra"
"Compiling uartlite"
'Finished building libraries'
15:09:49 **** Incremental Build of configuration Debug for project p2 ****
make all 
'Building file: ../FreeRTOS_Example.c'
'Invoking: MicroBlaze gcc compiler'
mb-gcc -Wall -O0 -g3 -c -fmessage-length=0 -MT"FreeRTOS_Example.o" -I../../freertos10_xilinx_bsp_0/microblaze_0/include -mlittle-endian -mcpu=v11.0 -mxl-soft-mul -Wl,--no-relax -ffunction-sections -fdata-sections -MMD -MP -MF"FreeRTOS_Example.d" -MT"FreeRTOS_Example.o" -o "FreeRTOS_Example.o" "../FreeRTOS_Example.c"
../FreeRTOS_Example.c: In function 'sem_taken_que_tx':
../FreeRTOS_Example.c:164:25: warning: unused variable 'last_rpm' [-Wunused-variable]
  volatile u32 read_rpm, last_rpm;
                         ^~~~~~~~
../FreeRTOS_Example.c:138:17: warning: unused variable 'lastticks' [-Wunused-variable]
  int ticks = 0, lastticks = 1;
                 ^~~~~~~~~
../FreeRTOS_Example.c:138:6: warning: unused variable 'ticks' [-Wunused-variable]
  int ticks = 0, lastticks = 1;
      ^~~~~
'Finished building: ../FreeRTOS_Example.c'
' '
'Building target: p2.elf'
'Invoking: MicroBlaze gcc linker'
mb-gcc -Wl,-T -Wl,../src/lscript.ld -L../../freertos10_xilinx_bsp_0/microblaze_0/lib -mlittle-endian -mcpu=v11.0 -mxl-soft-mul -Wl,--no-relax -Wl,--gc-sections -o "p2.elf"  ./FreeRTOS_Example.o   -Wl,--start-group,-lxil,-lfreertos,-lgcc,-lc,--end-group
'Finished building target: p2.elf'
' '
'Invoking: MicroBlaze Print Size'
mb-size p2.elf  |tee "p2.elf.size"
   text	   data	    bss	    dec	    hex	filename
  53688	   1520	  70072	 125280	  1e960	p2.elf
'Finished building: p2.elf.size'
' '
15:10:59 **** Clean-only build of configuration Debug for project p2 ****
make clean 
rm -rf  ./FreeRTOS_Example.o  ./FreeRTOS_Example.d  p2.elf.size  p2.elf
' '
15:10:59 **** Incremental Build of configuration Debug for project p2 ****
make all 
'Building file: ../FreeRTOS_Example.c'
'Invoking: MicroBlaze gcc compiler'
mb-gcc -Wall -O0 -g3 -c -fmessage-length=0 -MT"FreeRTOS_Example.o" -I../../freertos10_xilinx_bsp_0/microblaze_0/include -mlittle-endian -mcpu=v11.0 -mxl-soft-mul -Wl,--no-relax -ffunction-sections -fdata-sections -MMD -MP -MF"FreeRTOS_Example.d" -MT"FreeRTOS_Example.o" -o "FreeRTOS_Example.o" "../FreeRTOS_Example.c"
../FreeRTOS_Example.c: In function 'sem_taken_que_tx':
../FreeRTOS_Example.c:164:25: warning: unused variable 'last_rpm' [-Wunused-variable]
  volatile u32 read_rpm, last_rpm;
                         ^~~~~~~~
../FreeRTOS_Example.c:138:17: warning: unused variable 'lastticks' [-Wunused-variable]
  int ticks = 0, lastticks = 1;
                 ^~~~~~~~~
../FreeRTOS_Example.c:138:6: warning: unused variable 'ticks' [-Wunused-variable]
  int ticks = 0, lastticks = 1;
      ^~~~~
'Finished building: ../FreeRTOS_Example.c'
' '
'Building target: p2.elf'
'Invoking: MicroBlaze gcc linker'
mb-gcc -Wl,-T -Wl,../src/lscript.ld -L../../freertos10_xilinx_bsp_0/microblaze_0/lib -mlittle-endian -mcpu=v11.0 -mxl-soft-mul -Wl,--no-relax -Wl,--gc-sections -o "p2.elf"  ./FreeRTOS_Example.o   -Wl,--start-group,-lxil,-lfreertos,-lgcc,-lc,--end-group
'Finished building target: p2.elf'
' '
'Invoking: MicroBlaze Print Size'
mb-size p2.elf  |tee "p2.elf.size"
   text	   data	    bss	    dec	    hex	filename
  53688	   1520	 132532	 187740	  2dd5c	p2.elf
'Finished building: p2.elf.size'
' '
15:14:14 **** Incremental Build of configuration Debug for project p2 ****
make all 
'Building file: ../FreeRTOS_Example.c'
'Invoking: MicroBlaze gcc compiler'
mb-gcc -Wall -O0 -g3 -c -fmessage-length=0 -MT"FreeRTOS_Example.o" -I../../freertos10_xilinx_bsp_0/microblaze_0/include -mlittle-endian -mcpu=v11.0 -mxl-soft-mul -Wl,--no-relax -ffunction-sections -fdata-sections -MMD -MP -MF"FreeRTOS_Example.d" -MT"FreeRTOS_Example.o" -o "FreeRTOS_Example.o" "../FreeRTOS_Example.c"
../FreeRTOS_Example.c: In function 'sem_taken_que_tx':
../FreeRTOS_Example.c:164:25: warning: unused variable 'last_rpm' [-Wunused-variable]
  volatile u32 read_rpm, last_rpm;
                         ^~~~~~~~
../FreeRTOS_Example.c:138:17: warning: unused variable 'lastticks' [-Wunused-variable]
  int ticks = 0, lastticks = 1;
                 ^~~~~~~~~
../FreeRTOS_Example.c:138:6: warning: unused variable 'ticks' [-Wunused-variable]
  int ticks = 0, lastticks = 1;
      ^~~~~
'Finished building: ../FreeRTOS_Example.c'
' '
'Building target: p2.elf'
'Invoking: MicroBlaze gcc linker'
mb-gcc -Wl,-T -Wl,../src/lscript.ld -L../../freertos10_xilinx_bsp_0/microblaze_0/lib -mlittle-endian -mcpu=v11.0 -mxl-soft-mul -Wl,--no-relax -Wl,--gc-sections -o "p2.elf"  ./FreeRTOS_Example.o   -Wl,--start-group,-lxil,-lfreertos,-lgcc,-lc,--end-group
'Finished building target: p2.elf'
' '
'Invoking: MicroBlaze Print Size'
mb-size p2.elf  |tee "p2.elf.size"
   text	   data	    bss	    dec	    hex	filename
  53792	   1520	 132532	 187844	  2ddc4	p2.elf
'Finished building: p2.elf.size'
' '
15:15:40 **** Incremental Build of configuration Debug for project p2 ****
make all 
'Building file: ../FreeRTOS_Example.c'
'Invoking: MicroBlaze gcc compiler'
mb-gcc -Wall -O0 -g3 -c -fmessage-length=0 -MT"FreeRTOS_Example.o" -I../../freertos10_xilinx_bsp_0/microblaze_0/include -mlittle-endian -mcpu=v11.0 -mxl-soft-mul -Wl,--no-relax -ffunction-sections -fdata-sections -MMD -MP -MF"FreeRTOS_Example.d" -MT"FreeRTOS_Example.o" -o "FreeRTOS_Example.o" "../FreeRTOS_Example.c"
../FreeRTOS_Example.c: In function 'sem_taken_que_tx':
../FreeRTOS_Example.c:164:25: warning: unused variable 'last_rpm' [-Wunused-variable]
  volatile u32 read_rpm, last_rpm;
                         ^~~~~~~~
../FreeRTOS_Example.c:138:17: warning: unused variable 'lastticks' [-Wunused-variable]
  int ticks = 0, lastticks = 1;
                 ^~~~~~~~~
../FreeRTOS_Example.c:138:6: warning: unused variable 'ticks' [-Wunused-variable]
  int ticks = 0, lastticks = 1;
      ^~~~~
'Finished building: ../FreeRTOS_Example.c'
' '
'Building target: p2.elf'
'Invoking: MicroBlaze gcc linker'
mb-gcc -Wl,-T -Wl,../src/lscript.ld -L../../freertos10_xilinx_bsp_0/microblaze_0/lib -mlittle-endian -mcpu=v11.0 -mxl-soft-mul -Wl,--no-relax -Wl,--gc-sections -o "p2.elf"  ./FreeRTOS_Example.o   -Wl,--start-group,-lxil,-lfreertos,-lgcc,-lc,--end-group
'Finished building target: p2.elf'
' '
'Invoking: MicroBlaze Print Size'
mb-size p2.elf  |tee "p2.elf.size"
   text	   data	    bss	    dec	    hex	filename
  54176	   1520	 132532	 188228	  2df44	p2.elf
'Finished building: p2.elf.size'
' '
15:17:32 **** Incremental Build of configuration Debug for project p2 ****
make all 
'Building file: ../FreeRTOS_Example.c'
'Invoking: MicroBlaze gcc compiler'
mb-gcc -Wall -O0 -g3 -c -fmessage-length=0 -MT"FreeRTOS_Example.o" -I../../freertos10_xilinx_bsp_0/microblaze_0/include -mlittle-endian -mcpu=v11.0 -mxl-soft-mul -Wl,--no-relax -ffunction-sections -fdata-sections -MMD -MP -MF"FreeRTOS_Example.d" -MT"FreeRTOS_Example.o" -o "FreeRTOS_Example.o" "../FreeRTOS_Example.c"
../FreeRTOS_Example.c: In function 'sem_taken_que_tx':
../FreeRTOS_Example.c:164:25: warning: unused variable 'last_rpm' [-Wunused-variable]
  volatile u32 read_rpm, last_rpm;
                         ^~~~~~~~
../FreeRTOS_Example.c:138:17: warning: unused variable 'lastticks' [-Wunused-variable]
  int ticks = 0, lastticks = 1;
                 ^~~~~~~~~
../FreeRTOS_Example.c:138:6: warning: unused variable 'ticks' [-Wunused-variable]
  int ticks = 0, lastticks = 1;
      ^~~~~
'Finished building: ../FreeRTOS_Example.c'
' '
'Building target: p2.elf'
'Invoking: MicroBlaze gcc linker'
mb-gcc -Wl,-T -Wl,../src/lscript.ld -L../../freertos10_xilinx_bsp_0/microblaze_0/lib -mlittle-endian -mcpu=v11.0 -mxl-soft-mul -Wl,--no-relax -Wl,--gc-sections -o "p2.elf"  ./FreeRTOS_Example.o   -Wl,--start-group,-lxil,-lfreertos,-lgcc,-lc,--end-group
'Finished building target: p2.elf'
' '
'Invoking: MicroBlaze Print Size'
mb-size p2.elf  |tee "p2.elf.size"
   text	   data	    bss	    dec	    hex	filename
  54432	   1520	 132532	 188484	  2e044	p2.elf
'Finished building: p2.elf.size'
' '
15:18:38 **** Incremental Build of configuration Debug for project p2 ****
make all 
'Building file: ../FreeRTOS_Example.c'
'Invoking: MicroBlaze gcc compiler'
mb-gcc -Wall -O0 -g3 -c -fmessage-length=0 -MT"FreeRTOS_Example.o" -I../../freertos10_xilinx_bsp_0/microblaze_0/include -mlittle-endian -mcpu=v11.0 -mxl-soft-mul -Wl,--no-relax -ffunction-sections -fdata-sections -MMD -MP -MF"FreeRTOS_Example.d" -MT"FreeRTOS_Example.o" -o "FreeRTOS_Example.o" "../FreeRTOS_Example.c"
../FreeRTOS_Example.c: In function 'sem_taken_que_tx':
../FreeRTOS_Example.c:164:25: warning: unused variable 'last_rpm' [-Wunused-variable]
  volatile u32 read_rpm, last_rpm;
                         ^~~~~~~~
../FreeRTOS_Example.c:138:17: warning: unused variable 'lastticks' [-Wunused-variable]
  int ticks = 0, lastticks = 1;
                 ^~~~~~~~~
../FreeRTOS_Example.c:138:6: warning: unused variable 'ticks' [-Wunused-variable]
  int ticks = 0, lastticks = 1;
      ^~~~~
'Finished building: ../FreeRTOS_Example.c'
' '
'Building target: p2.elf'
'Invoking: MicroBlaze gcc linker'
mb-gcc -Wl,-T -Wl,../src/lscript.ld -L../../freertos10_xilinx_bsp_0/microblaze_0/lib -mlittle-endian -mcpu=v11.0 -mxl-soft-mul -Wl,--no-relax -Wl,--gc-sections -o "p2.elf"  ./FreeRTOS_Example.o   -Wl,--start-group,-lxil,-lfreertos,-lgcc,-lc,--end-group
'Finished building target: p2.elf'
' '
'Invoking: MicroBlaze Print Size'
mb-size p2.elf  |tee "p2.elf.size"
   text	   data	    bss	    dec	    hex	filename
  54480	   1520	 132532	 188532	  2e074	p2.elf
'Finished building: p2.elf.size'
' '
15:21:48 **** Incremental Build of configuration Debug for project p2 ****
make all 
'Building file: ../FreeRTOS_Example.c'
'Invoking: MicroBlaze gcc compiler'
mb-gcc -Wall -O0 -g3 -c -fmessage-length=0 -MT"FreeRTOS_Example.o" -I../../freertos10_xilinx_bsp_0/microblaze_0/include -mlittle-endian -mcpu=v11.0 -mxl-soft-mul -Wl,--no-relax -ffunction-sections -fdata-sections -MMD -MP -MF"FreeRTOS_Example.d" -MT"FreeRTOS_Example.o" -o "FreeRTOS_Example.o" "../FreeRTOS_Example.c"
../FreeRTOS_Example.c: In function 'sem_taken_que_tx':
../FreeRTOS_Example.c:164:25: warning: unused variable 'last_rpm' [-Wunused-variable]
  volatile u32 read_rpm, last_rpm;
                         ^~~~~~~~
../FreeRTOS_Example.c:138:17: warning: unused variable 'lastticks' [-Wunused-variable]
  int ticks = 0, lastticks = 1;
                 ^~~~~~~~~
../FreeRTOS_Example.c:138:6: warning: unused variable 'ticks' [-Wunused-variable]
  int ticks = 0, lastticks = 1;
      ^~~~~
'Finished building: ../FreeRTOS_Example.c'
' '
'Building target: p2.elf'
'Invoking: MicroBlaze gcc linker'
mb-gcc -Wl,-T -Wl,../src/lscript.ld -L../../freertos10_xilinx_bsp_0/microblaze_0/lib -mlittle-endian -mcpu=v11.0 -mxl-soft-mul -Wl,--no-relax -Wl,--gc-sections -o "p2.elf"  ./FreeRTOS_Example.o   -Wl,--start-group,-lxil,-lfreertos,-lgcc,-lc,--end-group
'Finished building target: p2.elf'
' '
'Invoking: MicroBlaze Print Size'
mb-size p2.elf  |tee "p2.elf.size"
   text	   data	    bss	    dec	    hex	filename
  54700	   1520	 132536	 188756	  2e154	p2.elf
'Finished building: p2.elf.size'
' '
15:22:32 **** Incremental Build of configuration Debug for project p2 ****
make all 
'Building file: ../FreeRTOS_Example.c'
'Invoking: MicroBlaze gcc compiler'
mb-gcc -Wall -O0 -g3 -c -fmessage-length=0 -MT"FreeRTOS_Example.o" -I../../freertos10_xilinx_bsp_0/microblaze_0/include -mlittle-endian -mcpu=v11.0 -mxl-soft-mul -Wl,--no-relax -ffunction-sections -fdata-sections -MMD -MP -MF"FreeRTOS_Example.d" -MT"FreeRTOS_Example.o" -o "FreeRTOS_Example.o" "../FreeRTOS_Example.c"
../FreeRTOS_Example.c: In function 'sem_taken_que_tx':
../FreeRTOS_Example.c:356:34: error: expected expression before ')' token
   NX4IO_SSEG_setDigit(SSEGLO, 0, )read_rpm*5)%10);
                                  ^
../FreeRTOS_Example.c:356:45: error: expected statement before ')' token
   NX4IO_SSEG_setDigit(SSEGLO, 0, )read_rpm*5)%10);
                                             ^
../FreeRTOS_Example.c:356:46: error: expected expression before '%' token
   NX4IO_SSEG_setDigit(SSEGLO, 0, )read_rpm*5)%10);
                                              ^
../FreeRTOS_Example.c:356:49: error: expected statement before ')' token
   NX4IO_SSEG_setDigit(SSEGLO, 0, )read_rpm*5)%10);
                                                 ^
../FreeRTOS_Example.c:164:25: warning: unused variable 'last_rpm' [-Wunused-variable]
  volatile u32 read_rpm, last_rpm;
                         ^~~~~~~~
../FreeRTOS_Example.c:138:17: warning: unused variable 'lastticks' [-Wunused-variable]
  int ticks = 0, lastticks = 1;
                 ^~~~~~~~~
../FreeRTOS_Example.c:138:6: warning: unused variable 'ticks' [-Wunused-variable]
  int ticks = 0, lastticks = 1;
      ^~~~~
make: *** [subdir.mk:20: FreeRTOS_Example.o] Error 1
15:22:46 **** Incremental Build of configuration Debug for project p2 ****
make all 
'Building file: ../FreeRTOS_Example.c'
'Invoking: MicroBlaze gcc compiler'
mb-gcc -Wall -O0 -g3 -c -fmessage-length=0 -MT"FreeRTOS_Example.o" -I../../freertos10_xilinx_bsp_0/microblaze_0/include -mlittle-endian -mcpu=v11.0 -mxl-soft-mul -Wl,--no-relax -ffunction-sections -fdata-sections -MMD -MP -MF"FreeRTOS_Example.d" -MT"FreeRTOS_Example.o" -o "FreeRTOS_Example.o" "../FreeRTOS_Example.c"
../FreeRTOS_Example.c: In function 'sem_taken_que_tx':
../FreeRTOS_Example.c:164:25: warning: unused variable 'last_rpm' [-Wunused-variable]
  volatile u32 read_rpm, last_rpm;
                         ^~~~~~~~
../FreeRTOS_Example.c:138:17: warning: unused variable 'lastticks' [-Wunused-variable]
  int ticks = 0, lastticks = 1;
                 ^~~~~~~~~
../FreeRTOS_Example.c:138:6: warning: unused variable 'ticks' [-Wunused-variable]
  int ticks = 0, lastticks = 1;
      ^~~~~
'Finished building: ../FreeRTOS_Example.c'
' '
'Building target: p2.elf'
'Invoking: MicroBlaze gcc linker'
mb-gcc -Wl,-T -Wl,../src/lscript.ld -L../../freertos10_xilinx_bsp_0/microblaze_0/lib -mlittle-endian -mcpu=v11.0 -mxl-soft-mul -Wl,--no-relax -Wl,--gc-sections -o "p2.elf"  ./FreeRTOS_Example.o   -Wl,--start-group,-lxil,-lfreertos,-lgcc,-lc,--end-group
'Finished building target: p2.elf'
' '
'Invoking: MicroBlaze Print Size'
mb-size p2.elf  |tee "p2.elf.size"
   text	   data	    bss	    dec	    hex	filename
  54700	   1520	 132536	 188756	  2e154	p2.elf
'Finished building: p2.elf.size'
' '
15:23:50 **** Incremental Build of configuration Debug for project p2 ****
make all 
'Building file: ../FreeRTOS_Example.c'
'Invoking: MicroBlaze gcc compiler'
mb-gcc -Wall -O0 -g3 -c -fmessage-length=0 -MT"FreeRTOS_Example.o" -I../../freertos10_xilinx_bsp_0/microblaze_0/include -mlittle-endian -mcpu=v11.0 -mxl-soft-mul -Wl,--no-relax -ffunction-sections -fdata-sections -MMD -MP -MF"FreeRTOS_Example.d" -MT"FreeRTOS_Example.o" -o "FreeRTOS_Example.o" "../FreeRTOS_Example.c"
../FreeRTOS_Example.c: In function 'sem_taken_que_tx':
../FreeRTOS_Example.c:164:25: warning: unused variable 'last_rpm' [-Wunused-variable]
  volatile u32 read_rpm, last_rpm;
                         ^~~~~~~~
../FreeRTOS_Example.c:138:17: warning: unused variable 'lastticks' [-Wunused-variable]
  int ticks = 0, lastticks = 1;
                 ^~~~~~~~~
../FreeRTOS_Example.c:138:6: warning: unused variable 'ticks' [-Wunused-variable]
  int ticks = 0, lastticks = 1;
      ^~~~~
'Finished building: ../FreeRTOS_Example.c'
' '
'Building target: p2.elf'
'Invoking: MicroBlaze gcc linker'
mb-gcc -Wl,-T -Wl,../src/lscript.ld -L../../freertos10_xilinx_bsp_0/microblaze_0/lib -mlittle-endian -mcpu=v11.0 -mxl-soft-mul -Wl,--no-relax -Wl,--gc-sections -o "p2.elf"  ./FreeRTOS_Example.o   -Wl,--start-group,-lxil,-lfreertos,-lgcc,-lc,--end-group
'Finished building target: p2.elf'
' '
'Invoking: MicroBlaze Print Size'
mb-size p2.elf  |tee "p2.elf.size"
   text	   data	    bss	    dec	    hex	filename
  54480	   1520	 132532	 188532	  2e074	p2.elf
'Finished building: p2.elf.size'
' '
15:30:30 **** Incremental Build of configuration Debug for project p2 ****
make all 
'Building file: ../FreeRTOS_Example.c'
'Invoking: MicroBlaze gcc compiler'
mb-gcc -Wall -O0 -g3 -c -fmessage-length=0 -MT"FreeRTOS_Example.o" -I../../freertos10_xilinx_bsp_0/microblaze_0/include -mlittle-endian -mcpu=v11.0 -mxl-soft-mul -Wl,--no-relax -ffunction-sections -fdata-sections -MMD -MP -MF"FreeRTOS_Example.d" -MT"FreeRTOS_Example.o" -o "FreeRTOS_Example.o" "../FreeRTOS_Example.c"
../FreeRTOS_Example.c: In function 'sem_taken_que_tx':
../FreeRTOS_Example.c:164:25: warning: unused variable 'last_rpm' [-Wunused-variable]
  volatile u32 read_rpm, last_rpm;
                         ^~~~~~~~
../FreeRTOS_Example.c:138:17: warning: unused variable 'lastticks' [-Wunused-variable]
  int ticks = 0, lastticks = 1;
                 ^~~~~~~~~
../FreeRTOS_Example.c:138:6: warning: unused variable 'ticks' [-Wunused-variable]
  int ticks = 0, lastticks = 1;
      ^~~~~
'Finished building: ../FreeRTOS_Example.c'
' '
'Building target: p2.elf'
'Invoking: MicroBlaze gcc linker'
mb-gcc -Wl,-T -Wl,../src/lscript.ld -L../../freertos10_xilinx_bsp_0/microblaze_0/lib -mlittle-endian -mcpu=v11.0 -mxl-soft-mul -Wl,--no-relax -Wl,--gc-sections -o "p2.elf"  ./FreeRTOS_Example.o   -Wl,--start-group,-lxil,-lfreertos,-lgcc,-lc,--end-group
'Finished building target: p2.elf'
' '
'Invoking: MicroBlaze Print Size'
mb-size p2.elf  |tee "p2.elf.size"
   text	   data	    bss	    dec	    hex	filename
  54456	   1520	 132532	 188508	  2e05c	p2.elf
'Finished building: p2.elf.size'
' '
